Component: ARM Compiler 5.06 update 7 (build 960) Tool: armlink [4d3601]

==============================================================================

Section Cross References

    startup_stm32f407xx.o(STACK) refers (Special) to heapauxi.o(.text) for __use_two_region_memory
    startup_stm32f407xx.o(HEAP) refers (Special) to heapauxi.o(.text) for __use_two_region_memory
    startup_stm32f407xx.o(RESET) refers (Special) to heapauxi.o(.text) for __use_two_region_memory
    startup_stm32f407xx.o(RESET) refers to startup_stm32f407xx.o(STACK) for __initial_sp
    startup_stm32f407xx.o(RESET) refers to startup_stm32f407xx.o(.text) for Reset_Handler
    startup_stm32f407xx.o(RESET) refers to stm32f4xx_it.o(i.NMI_Handler) for NMI_Handler
    startup_stm32f407xx.o(RESET) refers to stm32f4xx_it.o(i.HardFault_Handler) for HardFault_Handler
    startup_stm32f407xx.o(RESET) refers to stm32f4xx_it.o(i.MemManage_Handler) for MemManage_Handler
    startup_stm32f407xx.o(RESET) refers to stm32f4xx_it.o(i.BusFault_Handler) for BusFault_Handler
    startup_stm32f407xx.o(RESET) refers to stm32f4xx_it.o(i.UsageFault_Handler) for UsageFault_Handler
    startup_stm32f407xx.o(RESET) refers to port.o(.emb_text) for SVC_Handler
    startup_stm32f407xx.o(RESET) refers to stm32f4xx_it.o(i.DebugMon_Handler) for DebugMon_Handler
    startup_stm32f407xx.o(RESET) refers to port.o(i.SysTick_Handler) for SysTick_Handler
    startup_stm32f407xx.o(RESET) refers to stm32f4xx_it.o(i.CAN1_TX_IRQHandler) for CAN1_TX_IRQHandler
    startup_stm32f407xx.o(RESET) refers to stm32f4xx_it.o(i.CAN1_RX0_IRQHandler) for CAN1_RX0_IRQHandler
    startup_stm32f407xx.o(RESET) refers to stm32f4xx_it.o(i.TIM8_TRG_COM_TIM14_IRQHandler) for TIM8_TRG_COM_TIM14_IRQHandler
    startup_stm32f407xx.o(RESET) refers to stm32f4xx_it.o(i.CAN2_TX_IRQHandler) for CAN2_TX_IRQHandler
    startup_stm32f407xx.o(RESET) refers to stm32f4xx_it.o(i.CAN2_RX1_IRQHandler) for CAN2_RX1_IRQHandler
    startup_stm32f407xx.o(RESET) refers to stm32f4xx_it.o(i.OTG_FS_IRQHandler) for OTG_FS_IRQHandler
    startup_stm32f407xx.o(.text) refers (Special) to heapauxi.o(.text) for __use_two_region_memory
    startup_stm32f407xx.o(.text) refers to system_stm32f4xx.o(i.SystemInit) for SystemInit
    startup_stm32f407xx.o(.text) refers to __main.o(!!!main) for __main
    startup_stm32f407xx.o(.text) refers to startup_stm32f407xx.o(HEAP) for Heap_Mem
    startup_stm32f407xx.o(.text) refers to startup_stm32f407xx.o(STACK) for Stack_Mem
    run.o(i.CDC_Recv_Cb) refers to rt_memcpy_v6.o(.text) for __aeabi_memcpy
    run.o(i.CDC_Recv_Cb) refers to task_init.o(.data) for ready
    run.o(i.CDC_Recv_Cb) refers to run.o(.data) for cur_recv_size
    run.o(i.CDC_Recv_Cb) refers to run.o(.bss) for arm_Rec_t
    run.o(i.HAL_CAN_RxFifo0MsgPendingCallback) refers to candrive.o(i.CAN_Receive_DataFrame) for CAN_Receive_DataFrame
    run.o(i.HAL_CAN_RxFifo0MsgPendingCallback) refers to can.o(.bss) for hcan2
    run.o(i.HAL_CAN_RxFifo0MsgPendingCallback) refers to run.o(.data) for ID
    run.o(i.HAL_CAN_RxFifo1MsgPendingCallback) refers to candrive.o(i.CAN_Receive_DataFrame) for CAN_Receive_DataFrame
    run.o(i.HAL_CAN_RxFifo1MsgPendingCallback) refers to robstride2.o(i.RobStrideRecv_Handle) for RobStrideRecv_Handle
    run.o(i.HAL_CAN_RxFifo1MsgPendingCallback) refers to run.o(.data) for buf
    run.o(i.MotorRecTask) refers to tasks.o(i.xTaskGetTickCount) for xTaskGetTickCount
    run.o(i.MotorRecTask) refers to queue.o(i.xQueueGenericCreate) for xQueueGenericCreate
    run.o(i.MotorRecTask) refers to queue.o(i.xQueueSemaphoreTake) for xQueueSemaphoreTake
    run.o(i.MotorRecTask) refers to run.o(.data) for cdc_recv_semphr
    run.o(i.MotorSendTask) refers to tasks.o(i.xTaskGetTickCount) for xTaskGetTickCount
    run.o(i.MotorSendTask) refers to usb_trans.o(i.USB_CDC_Init) for USB_CDC_Init
    run.o(i.MotorSendTask) refers to usbd_cdc_if.o(i.CDC_Transmit_FS) for CDC_Transmit_FS
    run.o(i.MotorSendTask) refers to tasks.o(i.vTaskDelayUntil) for vTaskDelayUntil
    run.o(i.MotorSendTask) refers to run.o(i.CDC_Recv_Cb) for CDC_Recv_Cb
    run.o(i.MotorSendTask) refers to run.o(.bss) for arm_t
    run.o(i.Motor_Drive) refers to robstride2.o(i.RobStrideEnable) for RobStrideEnable
    run.o(i.Motor_Drive) refers to tasks.o(i.xTaskGetTickCount) for xTaskGetTickCount
    run.o(i.Motor_Drive) refers to run.o(i.rs03_PID_Init) for rs03_PID_Init
    run.o(i.Motor_Drive) refers to pid.o(i.PID_Control) for PID_Control
    run.o(i.Motor_Drive) refers to robstride2.o(i.RobStrideMotionControl) for RobStrideMotionControl
    run.o(i.Motor_Drive) refers to tasks.o(i.vTaskDelayUntil) for vTaskDelayUntil
    run.o(i.Motor_Drive) refers to run.o(.data) for rs03
    run.o(i.Motor_Drive) refers to run.o(.bss) for rs03_pos_pid
    run.o(i.rs03_PID_Init) refers to run.o(.bss) for rs03_pos_pid
    run.o(.data) refers to can.o(.bss) for hcan2
    task_init.o(i.Joint_FinInit) refers to task_init.o(i.Float_S) for Float_S
[...]
    __rt_lib_init_return                     0x08000243   Thumb Code     0  libinit2.o(.ARM.Collect$$libinit$$00000033)
    __rt_lib_init_signal_1                   0x08000243   Thumb Code     0  libinit2.o(.ARM.Collect$$libinit$$0000001D)
    __rt_lib_init_stdio_1                    0x08000243   Thumb Code     0  libinit2.o(.ARM.Collect$$libinit$$00000025)
    __rt_lib_init_user_alloc_1               0x08000243   Thumb Code     0  libinit2.o(.ARM.Collect$$libinit$$0000000C)
    __rt_lib_shutdown                        0x08000245   Thumb Code     0  libshutdown.o(.ARM.Collect$$libshutdown$$00000000)
    __rt_lib_shutdown_cpp_1                  0x08000247   Thumb Code     0  libshutdown2.o(.ARM.Collect$$libshutdown$$00000004)
    __rt_lib_shutdown_fini_1                 0x08000247   Thumb Code     0  libshutdown2.o(.ARM.Collect$$libshutdown$$00000002)
    __rt_lib_shutdown_fp_trap_1              0x08000247   Thumb Code     0  libshutdown2.o(.ARM.Collect$$libshutdown$$00000009)
    __rt_lib_shutdown_heap_1                 0x08000247   Thumb Code     0  libshutdown2.o(.ARM.Collect$$libshutdown$$00000011)
    __rt_lib_shutdown_return                 0x08000247   Thumb Code     0  libshutdown2.o(.ARM.Collect$$libshutdown$$00000012)
    __rt_lib_shutdown_signal_1               0x08000247   Thumb Code     0  libshutdown2.o(.ARM.Collect$$libshutdown$$0000000C)
    __rt_lib_shutdown_stdio_1                0x08000247   Thumb Code     0  libshutdown2.o(.ARM.Collect$$libshutdown$$00000006)
    __rt_lib_shutdown_user_alloc_1           0x08000247   Thumb Code     0  libshutdown2.o(.ARM.Collect$$libshutdown$$0000000E)
    __rt_entry                               0x08000249   Thumb Code     0  __rtentry.o(.ARM.Collect$$rtentry$$00000000)
    __rt_entry_presh_1                       0x08000249   Thumb Code     0  __rtentry2.o(.ARM.Collect$$rtentry$$00000002)
    __rt_entry_sh                            0x08000249   Thumb Code     0  __rtentry4.o(.ARM.Collect$$rtentry$$00000004)
    __rt_entry_li                            0x0800024f   Thumb Code     0  __rtentry2.o(.ARM.Collect$$rtentry$$0000000A)
    __rt_entry_postsh_1                      0x0800024f   Thumb Code     0  __rtentry2.o(.ARM.Collect$$rtentry$$00000009)
    __rt_entry_main                          0x08000253   Thumb Code     0  __rtentry2.o(.ARM.Collect$$rtentry$$0000000D)
    __rt_entry_postli_1                      0x08000253   Thumb Code     0  __rtentry2.o(.ARM.Collect$$rtentry$$0000000C)
    __rt_exit                                0x0800025b   Thumb Code     0  rtexit.o(.ARM.Collect$$rtexit$$00000000)
    __rt_exit_ls                             0x0800025d   Thumb Code     0  rtexit2.o(.ARM.Collect$$rtexit$$00000003)
    __rt_exit_prels_1                        0x0800025d   Thumb Code     0  rtexit2.o(.ARM.Collect$$rtexit$$00000002)
    __rt_exit_exit                           0x08000261   Thumb Code     0  rtexit2.o(.ARM.Collect$$rtexit$$00000004)
    SVC_Handler                              0x08000269   Thumb Code    28  port.o(.emb_text)
    __asm___6_port_c_39a90d8d__prvStartFirstTask 0x08000289   Thumb Code    36  port.o(.emb_text)
    __asm___6_port_c_39a90d8d__prvEnableVFP  0x080002b1   Thumb Code    16  port.o(.emb_text)
    PendSV_Handler                           0x080002c5   Thumb Code    88  port.o(.emb_text)
    vPortGetIPSR                             0x08000321   Thumb Code     6  port.o(.emb_text)
    Reset_Handler                            0x08000329   Thumb Code     8  startup_stm32f407xx.o(.text)
    ADC_IRQHandler                           0x08000343   Thumb Code     0  startup_stm32f407xx.o(.text)
    CAN1_RX1_IRQHandler                      0x08000343   Thumb Code     0  startup_stm32f407xx.o(.text)
    CAN1_SCE_IRQHandler                      0x08000343   Thumb Code     0  startup_stm32f407xx.o(.text)
    CAN2_RX0_IRQHandler                      0x08000343   Thumb Code     0  startup_stm32f407xx.o(.text)
    CAN2_SCE_IRQHandler                      0x08000343   Thumb Code     0  startup_stm32f407xx.o(.text)
    DCMI_IRQHandler                          0x08000343   Thumb Code     0  startup_stm32f407xx.o(.text)
    DMA1_Stream0_IRQHandler                  0x08000343   Thumb Code     0  startup_stm32f407xx.o(.text)
    DMA1_Stream1_IRQHandler                  0x08000343   Thumb Code     0  startup_stm32f407xx.o(.text)
    DMA1_Stream2_IRQHandler                  0x08000343   Thumb Code     0  startup_stm32f407xx.o(.text)
    DMA1_Stream3_IRQHandler                  0x08000343   Thumb Code     0  startup_stm32f407xx.o(.text)
    DMA1_Stream4_IRQHandler                  0x08000343   Thumb Code     0  startup_stm32f407xx.o(.text)
    DMA1_Stream5_IRQHandler                  0x08000343   Thumb Code     0  startup_stm32f407xx.o(.text)
    DMA1_Stream6_IRQHandler                  0x08000343   Thumb Code     0  startup_stm32f407xx.o(.text)
    DMA1_Stream7_IRQHandler                  0x08000343   Thumb Code     0  startup_stm32f407xx.o(.text)
    DMA2_Stream0_IRQHandler                  0x08000343   Thumb Code     0  startup_stm32f407xx.o(.text)
    DMA2_Stream1_IRQHandler                  0x08000343   Thumb Code     0  startup_stm32f407xx.o(.text)
    DMA2_Stream2_IRQHandler                  0x08000343   Thumb Code     0  startup_stm32f407xx.o(.text)
    DMA2_Stream3_IRQHandler                  0x08000343   Thumb Code     0  startup_stm32f407xx.o(.text)
    DMA2_Stream4_IRQHandler                  0x08000343   Thumb Code     0  startup_stm32f407xx.o(.text)
    DMA2_Stream5_IRQHandler                  0x08000343   Thumb Code     0  startup_stm32f407xx.o(.text)
    DMA2_Stream6_IRQHandler                  0x08000343   Thumb Code     0  startup_stm32f407xx.o(.text)
    DMA2_Stream7_IRQHandler                  0x08000343   Thumb Code     0  startup_stm32f407xx.o(.text)
    ETH_IRQHandler                           0x08000343   Thumb Code     0  startup_stm32f407xx.o(.text)
    ETH_WKUP_IRQHandler                      0x08000343   Thumb Code     0  startup_stm32f407xx.o(.text)
    EXTI0_IRQHandler                         0x08000343   Thumb Code     0  startup_stm32f407xx.o(.text)
    EXTI15_10_IRQHandler                     0x08000343   Thumb Code     0  startup_stm32f407xx.o(.text)
    EXTI1_IRQHandler                         0x08000343   Thumb Code     0  startup_stm32f407xx.o(.text)
    EXTI2_IRQHandler                         0x08000343   Thumb Code     0  startup_stm32f407xx.o(.text)
    EXTI3_IRQHandler                         0x08000343   Thumb Code     0  startup_stm32f407xx.o(.text)
    EXTI4_IRQHandler                         0x08000343   Thumb Code     0  startup_stm32f407xx.o(.text)
    EXTI9_5_IRQHandler                       0x08000343   Thumb Code     0  startup_stm32f407xx.o(.text)
    FLASH_IRQHandler                         0x08000343   Thumb Code     0  startup_stm32f407xx.o(.text)
    FMC_IRQHandler                           0x08000343   Thumb Code     0  startup_stm32f407xx.o(.text)
    FPU_IRQHandler                           0x08000343   Thumb Code     0  startup_stm32f407xx.o(.text)
    HASH_RNG_IRQHandler                      0x08000343   Thumb Code     0  startup_stm32f407xx.o(.text)
    I2C1_ER_IRQHandler                       0x08000343   Thumb Code     0  startup_stm32f407xx.o(.text)
    I2C1_EV_IRQHandler                       0x08000343   Thumb Code     0  startup_stm32f407xx.o(.text)
    I2C2_ER_IRQHandler                       0x08000343   Thumb Code     0  startup_stm32f407xx.o(.text)
    I2C2_EV_IRQHandler                       0x08000343   Thumb Code     0  startup_stm32f407xx.o(.text)
    I2C3_ER_IRQHandler                       0x08000343   Thumb Code     0  startup_stm32f407xx.o(.text)
    I2C3_EV_IRQHandler                       0x08000343   Thumb Code     0  startup_stm32f407xx.o(.text)
    OTG_FS_WKUP_IRQHandler                   0x08000343   Thumb Code     0  startup_stm32f407xx.o(.text)
    OTG_HS_EP1_IN_IRQHandler                 0x08000343   Thumb Code     0  startup_stm32f407xx.o(.text)
    OTG_HS_EP1_OUT_IRQHandler                0x08000343   Thumb Code     0  startup_stm32f407xx.o(.text)
    OTG_HS_IRQHandler                        0x08000343   Thumb Code     0  startup_stm32f407xx.o(.text)
    OTG_HS_WKUP_IRQHandler                   0x08000343   Thumb Code     0  startup_stm32f407xx.o(.text)
    PVD_IRQHandler                           0x08000343   Thumb Code     0  startup_stm32f407xx.o(.text)
    RCC_IRQHandler                           0x08000343   Thumb Code     0  startup_stm32f407xx.o(.text)
    RTC_Alarm_IRQHandler                     0x08000343   Thumb Code     0  startup_stm32f407xx.o(.text)
    RTC_WKUP_IRQHandler                      0x08000343   Thumb Code     0  startup_stm32f407xx.o(.text)
    SDIO_IRQHandler                          0x08000343   Thumb Code     0  startup_stm32f407xx.o(.text)
    SPI1_IRQHandler                          0x08000343   Thumb Code     0  startup_stm32f407xx.o(.text)
    SPI2_IRQHandler                          0x08000343   Thumb Code     0  startup_stm32f407xx.o(.text)
    SPI3_IRQHandler                          0x08000343   Thumb Code     0  startup_stm32f407xx.o(.text)
    TAMP_STAMP_IRQHandler                    0x08000343   Thumb Code     0  startup_stm32f407xx.o(.text)
    TIM1_BRK_TIM9_IRQHandler                 0x08000343   Thumb Code     0  startup_stm32f407xx.o(.text)
    TIM1_CC_IRQHandler                       0x08000343   Thumb Code     0  startup_stm32f407xx.o(.text)
    TIM1_TRG_COM_TIM11_IRQHandler            0x08000343   Thumb Code     0  startup_stm32f407xx.o(.text)
    TIM1_UP_TIM10_IRQHandler                 0x08000343   Thumb Code     0  startup_stm32f407xx.o(.text)
    TIM2_IRQHandler                          0x08000343   Thumb Code     0  startup_stm32f407xx.o(.text)
    TIM3_IRQHandler                          0x08000343   Thumb Code     0  startup_stm32f407xx.o(.text)
    TIM4_IRQHandler                          0x08000343   Thumb Code     0  startup_stm32f407xx.o(.text)
    TIM5_IRQHandler                          0x08000343   Thumb Code     0  startup_stm32f407xx.o(.text)
    TIM6_DAC_IRQHandler                      0x08000343   Thumb Code     0  startup_stm32f407xx.o(.text)
    TIM7_IRQHandler                          0x08000343   Thumb Code     0  startup_stm32f407xx.o(.text)
    TIM8_BRK_TIM12_IRQHandler                0x08000343   Thumb Code     0  startup_stm32f407xx.o(.text)
    TIM8_CC_IRQHandler                       0x08000343   Thumb Code     0  startup_stm32f407xx.o(.text)
    TIM8_UP_TIM13_IRQHandler                 0x08000343   Thumb Code     0  startup_stm32f407xx.o(.text)
    UART4_IRQHandler                         0x08000343   Thumb Code     0  startup_stm32f407xx.o(.text)
    UART5_IRQHandler                         0x08000343   Thumb Code     0  startup_stm32f407xx.o(.text)
    USART1_IRQHandler                        0x08000343   Thumb Code     0  startup_stm32f407xx.o(.text)
    USART2_IRQHandler                        0x08000343   Thumb Code     0  startup_stm32f407xx.o(.text)
    USART3_IRQHandler                        0x08000343   Thumb Code     0  startup_stm32f407xx.o(.text)
    USART6_IRQHandler                        0x08000343   Thumb Code     0  startup_stm32f407xx.o(.text)
    WWDG_IRQHandler                          0x08000343   Thumb Code     0  startup_stm32f407xx.o(.text)
    __user_initial_stackheap                 0x08000345   Thumb Code     0  startup_stm32f407xx.o(.text)
    __aeabi_uldivmod                         0x08000369   Thumb Code     0  lludivv7m.o(.text)
    _ll_udiv                                 0x08000369   Thumb Code   238  lludivv7m.o(.text)
    __aeabi_memcpy                           0x08000457   Thumb Code     0  rt_memcpy_v6.o(.text)
    __rt_memcpy                              0x08000457   Thumb Code   138  rt_memcpy_v6.o(.text)
    _memcpy_lastbytes                        0x080004bd   Thumb Code     0  rt_memcpy_v6.o(.text)
    __aeabi_memcpy4                          0x080004e1   Thumb Code     0  rt_memcpy_w.o(.text)
    __aeabi_memcpy8                          0x080004e1   Thumb Code     0  rt_memcpy_w.o(.text)
    __rt_memcpy_w                            0x080004e1   Thumb Code   100  rt_memcpy_w.o(.text)
    _memcpy_lastbytes_aligned                0x08000529   Thumb Code     0  rt_memcpy_w.o(.text)
    __aeabi_memclr4                          0x08000545   Thumb Code     0  rt_memclr_w.o(.text)
    __aeabi_memclr8                          0x08000545   Thumb Code     0  rt_memclr_w.o(.text)
    __rt_memclr_w                            0x08000545   Thumb Code    78  rt_memclr_w.o(.text)
    _memset_w                                0x08000549   Thumb Code     0  rt_memclr_w.o(.text)
    __use_two_region_memory                  0x08000593   Thumb Code     2  heapauxi.o(.text)
    __rt_heap_escrow$2region                 0x08000595   Thumb Code     2  heapauxi.o(.text)
    __rt_heap_expand$2region                 0x08000597   Thumb Code     2  heapauxi.o(.text)
    __user_setup_stackheap                   0x08000599   Thumb Code    74  sys_stackheap_outer.o(.text)
    exit                                     0x080005e3   Thumb Code    18  exit.o(.text)
    __user_libspace                          0x080005f5   Thumb Code     8  libspace.o(.text)
    __user_perproc_libspace                  0x080005f5   Thumb Code     0  libspace.o(.text)
    __user_perthread_libspace                0x080005f5   Thumb Code     0  libspace.o(.text)
    _sys_exit                                0x080005fd   Thumb Code     8  sys_exit.o(.text)
    __I$use$semihosting                      0x08000609   Thumb Code     0  use_no_semi.o(.text)
    __use_no_semihosting_swi                 0x08000609   Thumb Code     2  use_no_semi.o(.text)
    BusFault_Handler                         0x0800060b   Thumb Code     4  stm32f4xx_it.o(i.BusFault_Handler)
    __semihosting_library_function           0x0800060b   Thumb Code     0  indicate_semi.o(.text)
    CAN1_RX0_IRQHandler                      0x08000611   Thumb Code    10  stm32f4xx_it.o(i.CAN1_RX0_IRQHandler)
    CAN1_TX_IRQHandler                       0x08000621   Thumb Code    10  stm32f4xx_it.o(i.CAN1_TX_IRQHandler)
    CAN2_RX1_IRQHandler                      0x08000631   Thumb Code    10  stm32f4xx_it.o(i.CAN2_RX1_IRQHandler)
    CAN2_TX_IRQHandler                       0x08000641   Thumb Code    10  stm32f4xx_it.o(i.CAN2_TX_IRQHandler)
    CAN_Receive_DataFrame                    0x08000651   Thumb Code    56  candrive.o(i.CAN_Receive_DataFrame)
    CDC_RecvCplt_Handler                     0x0800070d   Thumb Code    42  usb_trans.o(i.CDC_RecvCplt_Handler)
    CanFilter_Init                           0x0800074d   Thumb Code    74  candrive.o(i.CanFilter_Init)
    DebugMon_Handler                         0x080007a1   Thumb Code     2  stm32f4xx_it.o(i.DebugMon_Handler)
    Error_Handler                            0x080007a3   Thumb Code     6  main.o(i.Error_Handler)
    HAL_CAN_ActivateNotification             0x080007dd   Thumb Code    42  stm32f4xx_hal_can.o(i.HAL_CAN_ActivateNotification)
    HAL_CAN_AddTxMessage                     0x08000807   Thumb Code   330  stm32f4xx_hal_can.o(i.HAL_CAN_AddTxMessage)
    HAL_CAN_ConfigFilter                     0x08000951   Thumb Code   284  stm32f4xx_hal_can.o(i.HAL_CAN_ConfigFilter)
    HAL_CAN_ErrorCallback                    0x08000a71   Thumb Code     2  stm32f4xx_hal_can.o(i.HAL_CAN_ErrorCallback)
    HAL_CAN_GetRxMessage                     0x08000a73   Thumb Code   404  stm32f4xx_hal_can.o(i.HAL_CAN_GetRxMessage)
    HAL_CAN_IRQHandler                       0x08000c07   Thumb Code   590  stm32f4xx_hal_can.o(i.HAL_CAN_IRQHandler)
    HAL_CAN_Init                             0x08000e55   Thumb Code   372  stm32f4xx_hal_can.o(i.HAL_CAN_Init)
    HAL_CAN_MspInit                          0x08000fc9   Thumb Code   362  can.o(i.HAL_CAN_MspInit)
    HAL_CAN_RxFifo0FullCallback              0x08001149   Thumb Code     2  stm32f4xx_hal_can.o(i.HAL_CAN_RxFifo0FullCallback)
    HAL_CAN_RxFifo0MsgPendingCallback        0x0800114d   Thumb Code    18  run.o(i.HAL_CAN_RxFifo0MsgPendingCallback)
    HAL_CAN_RxFifo1FullCallback              0x08001169   Thumb Code     2  stm32f4xx_hal_can.o(i.HAL_CAN_RxFifo1FullCallback)
    HAL_CAN_RxFifo1MsgPendingCallback        0x0800116d   Thumb Code    28  run.o(i.HAL_CAN_RxFifo1MsgPendingCallback)
    HAL_CAN_SleepCallback                    0x08001191   Thumb Code     2  stm32f4xx_hal_can.o(i.HAL_CAN_SleepCallback)
    HAL_CAN_Start                            0x08001193   Thumb Code    94  stm32f4xx_hal_can.o(i.HAL_CAN_Start)
    HAL_CAN_TxMailbox0AbortCallback          0x080011f1   Thumb Code     2  stm32f4xx_hal_can.o(i.HAL_CAN_TxMailbox0AbortCallback)
    HAL_CAN_TxMailbox0CompleteCallback       0x080011f3   Thumb Code     2  stm32f4xx_hal_can.o(i.HAL_CAN_TxMailbox0CompleteCallback)
    HAL_CAN_TxMailbox1AbortCallback          0x080011f5   Thumb Code     2  stm32f4xx_hal_can.o(i.HAL_CAN_TxMailbox1AbortCallback)
    HAL_CAN_TxMailbox1CompleteCallback       0x080011f7   Thumb Code     2  stm32f4xx_hal_can.o(i.HAL_CAN_TxMailbox1CompleteCallback)
    HAL_CAN_TxMailbox2AbortCallback          0x080011f9   Thumb Code     2  stm32f4xx_hal_can.o(i.HAL_CAN_TxMailbox2AbortCallback)
    HAL_CAN_TxMailbox2CompleteCallback       0x080011fb   Thumb Code     2  stm32f4xx_hal_can.o(i.HAL_CAN_TxMailbox2CompleteCallback)
    HAL_CAN_WakeUpFromRxMsgCallback          0x080011fd   Thumb Code     2  stm32f4xx_hal_can.o(i.HAL_CAN_WakeUpFromRxMsgCallback)
    HAL_Delay                                0x08001201   Thumb Code    36  stm32f4xx_hal.o(i.HAL_Delay)
    HAL_GPIO_Init                            0x08001229   Thumb Code   454  stm32f4xx_hal_gpio.o(i.HAL_GPIO_Init)
    HAL_GetTick                              0x0800141d   Thumb Code     6  stm32f4xx_hal.o(i.HAL_GetTick)
    HAL_IncTick                              0x08001429   Thumb Code    16  stm32f4xx_hal.o(i.HAL_IncTick)
    HAL_Init                                 0x08001441   Thumb Code    54  stm32f4xx_hal.o(i.HAL_Init)
    HAL_InitTick                             0x0800147d   Thumb Code   160  stm32f4xx_hal_timebase_tim.o(i.HAL_InitTick)
    HAL_MspInit                              0x08001531   Thumb Code    78  stm32f4xx_hal_msp.o(i.HAL_MspInit)
    HAL_NVIC_EnableIRQ                       0x08001585   Thumb Code    40  stm32f4xx_hal_cortex.o(i.HAL_NVIC_EnableIRQ)
    HAL_NVIC_SetPriority                     0x080015ad   Thumb Code   124  stm32f4xx_hal_cortex.o(i.HAL_NVIC_SetPriority)
    HAL_NVIC_SetPriorityGrouping             0x08001629   Thumb Code    32  stm32f4xx_hal_cortex.o(i.HAL_NVIC_SetPriorityGrouping)
    HAL_PCDEx_LPM_Callback                   0x08001651   Thumb Code     2  stm32f4xx_hal_pcd_ex.o(i.HAL_PCDEx_LPM_Callback)
    HAL_PCDEx_SetRxFiFo                      0x08001653   Thumb Code    10  stm32f4xx_hal_pcd_ex.o(i.HAL_PCDEx_SetRxFiFo)
    HAL_PCDEx_SetTxFiFo                      0x0800165d   Thumb Code    78  stm32f4xx_hal_pcd_ex.o(i.HAL_PCDEx_SetTxFiFo)
    HAL_PCD_ConnectCallback                  0x080016ab   Thumb Code    14  usbd_conf.o(i.HAL_PCD_ConnectCallback)
    HAL_PCD_DataInStageCallback              0x080016b9   Thumb Code    32  usbd_conf.o(i.HAL_PCD_DataInStageCallback)
    HAL_PCD_DataOutStageCallback             0x080016d9   Thumb Code    32  usbd_conf.o(i.HAL_PCD_DataOutStageCallback)
    HAL_PCD_DisconnectCallback               0x080016f9   Thumb Code    14  usbd_conf.o(i.HAL_PCD_DisconnectCallback)
    HAL_PCD_EP_Abort                         0x08001707   Thumb Code    66  stm32f4xx_hal_pcd.o(i.HAL_PCD_EP_Abort)
    HAL_PCD_EP_Close                         0x08001749   Thumb Code   106  stm32f4xx_hal_pcd.o(i.HAL_PCD_EP_Close)
    HAL_PCD_EP_ClrStall                      0x080017b3   Thumb Code   124  stm32f4xx_hal_pcd.o(i.HAL_PCD_EP_ClrStall)
    HAL_PCD_EP_GetRxCount                    0x0800182f   Thumb Code    22  stm32f4xx_hal_pcd.o(i.HAL_PCD_EP_GetRxCount)
    HAL_PCD_EP_Open                          0x08001845   Thumb Code   142  stm32f4xx_hal_pcd.o(i.HAL_PCD_EP_Open)
    HAL_PCD_EP_Receive                       0x080018d3   Thumb Code    70  stm32f4xx_hal_pcd.o(i.HAL_PCD_EP_Receive)
    HAL_PCD_EP_SetStall                      0x08001919   Thumb Code   138  stm32f4xx_hal_pcd.o(i.HAL_PCD_EP_SetStall)
    HAL_PCD_EP_Transmit                      0x080019a3   Thumb Code    72  stm32f4xx_hal_pcd.o(i.HAL_PCD_EP_Transmit)
    HAL_PCD_IRQHandler                       0x080019eb   Thumb Code  1738  stm32f4xx_hal_pcd.o(i.HAL_PCD_IRQHandler)
    HAL_PCD_ISOINIncompleteCallback          0x080020b5   Thumb Code    18  usbd_conf.o(i.HAL_PCD_ISOINIncompleteCallback)
    HAL_PCD_ISOOUTIncompleteCallback         0x080020c7   Thumb Code    18  usbd_conf.o(i.HAL_PCD_ISOOUTIncompleteCallback)
    HAL_PCD_Init                             0x080020d9   Thumb Code   350  stm32f4xx_hal_pcd.o(i.HAL_PCD_Init)
    HAL_PCD_MspInit                          0x08002239   Thumb Code   160  usbd_conf.o(i.HAL_PCD_MspInit)
    HAL_PCD_ResetCallback                    0x080022e1   Thumb Code    48  usbd_conf.o(i.HAL_PCD_ResetCallback)
    HAL_PCD_ResumeCallback                   0x08002311   Thumb Code    14  usbd_conf.o(i.HAL_PCD_ResumeCallback)
    HAL_PCD_SOFCallback                      0x0800231f   Thumb Code    14  usbd_conf.o(i.HAL_PCD_SOFCallback)
    HAL_PCD_SetAddress                       0x0800232d   Thumb Code    52  stm32f4xx_hal_pcd.o(i.HAL_PCD_SetAddress)
    HAL_PCD_SetupStageCallback               0x08002361   Thumb Code    18  usbd_conf.o(i.HAL_PCD_SetupStageCallback)
    HAL_PCD_Start                            0x08002373   Thumb Code    76  stm32f4xx_hal_pcd.o(i.HAL_PCD_Start)
    HAL_PCD_SuspendCallback                  0x080023c1   Thumb Code    46  usbd_conf.o(i.HAL_PCD_SuspendCallback)
    HAL_RCC_ClockConfig                      0x080023f5   Thumb Code   368  stm32f4xx_hal_rcc.o(i.HAL_RCC_ClockConfig)
    HAL_RCC_GetClockConfig                   0x08002579   Thumb Code    58  stm32f4xx_hal_rcc.o(i.HAL_RCC_GetClockConfig)
    HAL_RCC_GetHCLKFreq                      0x080025bd   Thumb Code     6  stm32f4xx_hal_rcc.o(i.HAL_RCC_GetHCLKFreq)
    HAL_RCC_GetPCLK1Freq                     0x080025c9   Thumb Code    22  stm32f4xx_hal_rcc.o(i.HAL_RCC_GetPCLK1Freq)
    HAL_RCC_GetSysClockFreq                  0x080025e9   Thumb Code   162  stm32f4xx_hal_rcc.o(i.HAL_RCC_GetSysClockFreq)
    HAL_RCC_OscConfig                        0x08002699   Thumb Code  1172  stm32f4xx_hal_rcc.o(i.HAL_RCC_OscConfig)
    HAL_TIMEx_BreakCallback                  0x08002b35   Thumb Code     2  stm32f4xx_hal_tim_ex.o(i.HAL_TIMEx_BreakCallback)
    HAL_TIMEx_CommutCallback                 0x08002b37   Thumb Code     2  stm32f4xx_hal_tim_ex.o(i.HAL_TIMEx_CommutCallback)
    HAL_TIM_Base_Init                        0x08002b39   Thumb Code   102  stm32f4xx_hal_tim.o(i.HAL_TIM_Base_Init)
    HAL_TIM_Base_MspInit                     0x08002b9f   Thumb Code     2  stm32f4xx_hal_tim.o(i.HAL_TIM_Base_MspInit)
    HAL_TIM_Base_Start_IT                    0x08002ba1   Thumb Code   138  stm32f4xx_hal_tim.o(i.HAL_TIM_Base_Start_IT)
    HAL_TIM_IC_CaptureCallback               0x08002c49   Thumb Code     2  stm32f4xx_hal_tim.o(i.HAL_TIM_IC_CaptureCallback)
    HAL_TIM_IRQHandler                       0x08002c4b   Thumb Code   364  stm32f4xx_hal_tim.o(i.HAL_TIM_IRQHandler)
    HAL_TIM_OC_DelayElapsedCallback          0x08002db7   Thumb Code     2  stm32f4xx_hal_tim.o(i.HAL_TIM_OC_DelayElapsedCallback)
    HAL_TIM_PWM_PulseFinishedCallback        0x08002db9   Thumb Code     2  stm32f4xx_hal_tim.o(i.HAL_TIM_PWM_PulseFinishedCallback)
    HAL_TIM_PeriodElapsedCallback            0x08002dbd   Thumb Code    18  main.o(i.HAL_TIM_PeriodElapsedCallback)
    HAL_TIM_TriggerCallback                  0x08002dd5   Thumb Code     2  stm32f4xx_hal_tim.o(i.HAL_TIM_TriggerCallback)
    HardFault_Handler                        0x08002dd7   Thumb Code     4  stm32f4xx_it.o(i.HardFault_Handler)
    MX_CAN1_Init                             0x08002e19   Thumb Code    58  can.o(i.MX_CAN1_Init)
    MX_CAN2_Init                             0x08002e5d   Thumb Code    58  can.o(i.MX_CAN2_Init)
    MX_FREERTOS_Init                         0x08002ea1   Thumb Code    44  freertos.o(i.MX_FREERTOS_Init)
    MX_GPIO_Init                             0x08002ed9   Thumb Code    96  gpio.o(i.MX_GPIO_Init)
    MX_USB_DEVICE_Init                       0x08002f3d   Thumb Code    60  usb_device.o(i.MX_USB_DEVICE_Init)
    MemManage_Handler                        0x08002f89   Thumb Code     4  stm32f4xx_it.o(i.MemManage_Handler)
    Motor_Drive                              0x08002f8d   Thumb Code   118  run.o(i.Motor_Drive)
    NMI_Handler                              0x08003021   Thumb Code     4  stm32f4xx_it.o(i.NMI_Handler)
    OTG_FS_IRQHandler                        0x08003025   Thumb Code    10  stm32f4xx_it.o(i.OTG_FS_IRQHandler)
    PID_Control                              0x08003293   Thumb Code   202  pid.o(i.PID_Control)
    RobStrideEnable                          0x0800335d   Thumb Code    36  robstride2.o(i.RobStrideEnable)
    RobStrideInit                            0x08003381   Thumb Code    14  robstride2.o(i.RobStrideInit)
    RobStrideMotionControl                   0x08003391   Thumb Code   384  robstride2.o(i.RobStrideMotionControl)
    RobStrideRecv_Handle                     0x08003541   Thumb Code   508  robstride2.o(i.RobStrideRecv_Handle)
    RobStrideSend                            0x08003759   Thumb Code    50  robstride2.o(i.RobStrideSend)
    RobStrideSetMode                         0x0800378b   Thumb Code    54  robstride2.o(i.RobStrideSetMode)
    StartDefaultTask                         0x080037d3   Thumb Code    18  freertos.o(i.StartDefaultTask)
    SysTick_Handler                          0x080037e5   Thumb Code    46  port.o(i.SysTick_Handler)
    SystemClock_Config                       0x08003819   Thumb Code   172  main.o(i.SystemClock_Config)
    SystemInit                               0x080038cd   Thumb Code    14  system_stm32f4xx.o(i.SystemInit)
    TIM8_TRG_COM_TIM14_IRQHandler            0x080038e1   Thumb Code    10  stm32f4xx_it.o(i.TIM8_TRG_COM_TIM14_IRQHandler)
    TIM_Base_SetConfig                       0x080038f1   Thumb Code   178  stm32f4xx_hal_tim.o(i.TIM_Base_SetConfig)
    Task_Init                                0x080039d1   Thumb Code   116  task_init.o(i.Task_Init)
    USBD_CDC_GetDeviceQualifierDescriptor    0x08003c91   Thumb Code    10  usbd_cdc.o(i.USBD_CDC_GetDeviceQualifierDescriptor)
    USBD_CDC_RegisterInterface               0x08003f11   Thumb Code    24  usbd_cdc.o(i.USBD_CDC_RegisterInterface)
    USBD_CDC_SetRxBuffer                     0x08003f29   Thumb Code    30  usbd_cdc.o(i.USBD_CDC_SetRxBuffer)
    USBD_CDC_SetTxBuffer                     0x08003f47   Thumb Code    36  usbd_cdc.o(i.USBD_CDC_SetTxBuffer)
    USBD_ClrClassConfig                      0x080040ab   Thumb Code    28  usbd_core.o(i.USBD_ClrClassConfig)
    USBD_CoreFindEP                          0x08004105   Thumb Code     6  usbd_core.o(i.USBD_CoreFindEP)
    USBD_CoreFindIF                          0x0800410b   Thumb Code     6  usbd_core.o(i.USBD_CoreFindIF)
    USBD_CtlContinueRx                       0x08004111   Thumb Code    24  usbd_ioreq.o(i.USBD_CtlContinueRx)
    USBD_CtlContinueSendData                 0x08004129   Thumb Code    24  usbd_ioreq.o(i.USBD_CtlContinueSendData)
    USBD_CtlError                            0x08004141   Thumb Code    24  usbd_ctlreq.o(i.USBD_CtlError)
    USBD_CtlPrepareRx                        0x08004159   Thumb Code    46  usbd_ioreq.o(i.USBD_CtlPrepareRx)
    USBD_CtlReceiveStatus                    0x08004187   Thumb Code    26  usbd_ioreq.o(i.USBD_CtlReceiveStatus)
    USBD_CtlSendData                         0x080041a1   Thumb Code    36  usbd_ioreq.o(i.USBD_CtlSendData)
    USBD_CtlSendStatus                       0x080041c5   Thumb Code    26  usbd_ioreq.o(i.USBD_CtlSendStatus)
    USBD_FS_ConfigStrDescriptor              0x080041e1   Thumb Code    34  usbd_desc.o(i.USBD_FS_ConfigStrDescriptor)
    USBD_FS_DeviceDescriptor                 0x08004215   Thumb Code    10  usbd_desc.o(i.USBD_FS_DeviceDescriptor)
    USBD_FS_InterfaceStrDescriptor           0x08004225   Thumb Code    34  usbd_desc.o(i.USBD_FS_InterfaceStrDescriptor)
    USBD_FS_LangIDStrDescriptor              0x0800425d   Thumb Code    10  usbd_desc.o(i.USBD_FS_LangIDStrDescriptor)
    USBD_FS_ManufacturerStrDescriptor        0x0800426d   Thumb Code    20  usbd_desc.o(i.USBD_FS_ManufacturerStrDescriptor)
    USBD_FS_ProductStrDescriptor             0x08004299   Thumb Code    34  usbd_desc.o(i.USBD_FS_ProductStrDescriptor)
    USBD_FS_SerialStrDescriptor              0x080042d9   Thumb Code    18  usbd_desc.o(i.USBD_FS_SerialStrDescriptor)
    USBD_GetEpDesc                           0x08004543   Thumb Code    80  usbd_core.o(i.USBD_GetEpDesc)
    USBD_GetNextDesc                         0x080045a9   Thumb Code    20  usbd_core.o(i.USBD_GetNextDesc)
    USBD_GetString                           0x08004617   Thumb Code   104  usbd_ctlreq.o(i.USBD_GetString)
    USBD_Get_USB_Status                      0x0800467f   Thumb Code    44  usbd_conf.o(i.USBD_Get_USB_Status)
    USBD_Init                                0x080046ab   Thumb Code    58  usbd_core.o(i.USBD_Init)
    USBD_LL_ClearStallEP                     0x080046e5   Thumb Code    38  usbd_conf.o(i.USBD_LL_ClearStallEP)
    USBD_LL_CloseEP                          0x0800470b   Thumb Code    38  usbd_conf.o(i.USBD_LL_CloseEP)
    USBD_LL_DataInStage                      0x08004731   Thumb Code   272  usbd_core.o(i.USBD_LL_DataInStage)
    USBD_LL_DataOutStage                     0x08004841   Thumb Code   266  usbd_core.o(i.USBD_LL_DataOutStage)
    USBD_LL_DevConnected                     0x0800494b   Thumb Code     6  usbd_core.o(i.USBD_LL_DevConnected)
    USBD_LL_DevDisconnected                  0x08004951   Thumb Code    38  usbd_core.o(i.USBD_LL_DevDisconnected)
    USBD_LL_GetRxDataSize                    0x08004977   Thumb Code    18  usbd_conf.o(i.USBD_LL_GetRxDataSize)
    USBD_LL_Init                             0x08004989   Thumb Code   100  usbd_conf.o(i.USBD_LL_Init)
    USBD_LL_IsStallEP                        0x080049f1   Thumb Code    56  usbd_conf.o(i.USBD_LL_IsStallEP)
    USBD_LL_IsoINIncomplete                  0x08004a29   Thumb Code    72  usbd_core.o(i.USBD_LL_IsoINIncomplete)
    USBD_LL_IsoOUTIncomplete                 0x08004a71   Thumb Code    72  usbd_core.o(i.USBD_LL_IsoOUTIncomplete)
    USBD_LL_OpenEP                           0x08004ab9   Thumb Code    48  usbd_conf.o(i.USBD_LL_OpenEP)
    USBD_LL_PrepareReceive                   0x08004ae9   Thumb Code    48  usbd_conf.o(i.USBD_LL_PrepareReceive)
    USBD_LL_Reset                            0x08004b19   Thumb Code   110  usbd_core.o(i.USBD_LL_Reset)
    USBD_LL_Resume                           0x08004b87   Thumb Code    22  usbd_core.o(i.USBD_LL_Resume)
    USBD_LL_SOF                              0x08004b9d   Thumb Code    40  usbd_core.o(i.USBD_LL_SOF)
    USBD_LL_SetSpeed                         0x08004bc5   Thumb Code     8  usbd_core.o(i.USBD_LL_SetSpeed)
    USBD_LL_SetUSBAddress                    0x08004bcd   Thumb Code    38  usbd_conf.o(i.USBD_LL_SetUSBAddress)
    USBD_LL_SetupStage                       0x08004bf3   Thumb Code   118  usbd_core.o(i.USBD_LL_SetupStage)
    USBD_LL_StallEP                          0x08004c69   Thumb Code    38  usbd_conf.o(i.USBD_LL_StallEP)
    USBD_LL_Start                            0x08004c8f   Thumb Code    30  usbd_conf.o(i.USBD_LL_Start)
    USBD_LL_Suspend                          0x08004cad   Thumb Code    28  usbd_core.o(i.USBD_LL_Suspend)
    USBD_LL_Transmit                         0x08004cc9   Thumb Code    48  usbd_conf.o(i.USBD_LL_Transmit)
    USBD_ParseSetupRequest                   0x08004cf9   Thumb Code    54  usbd_ctlreq.o(i.USBD_ParseSetupRequest)
    USBD_RegisterClass                       0x08004d2f   Thumb Code    72  usbd_core.o(i.USBD_RegisterClass)
    USBD_RunTestMode                         0x08004d77   Thumb Code     6  usbd_core.o(i.USBD_RunTestMode)
    USBD_SetClassConfig                      0x08004dd7   Thumb Code    32  usbd_core.o(i.USBD_SetClassConfig)
    USBD_Start                               0x08004f35   Thumb Code    12  usbd_core.o(i.USBD_Start)
    USBD_StdDevReq                           0x08004f41   Thumb Code   174  usbd_ctlreq.o(i.USBD_StdDevReq)
    USBD_StdEPReq                            0x08004fef   Thumb Code   644  usbd_ctlreq.o(i.USBD_StdEPReq)
    USBD_StdItfReq                           0x08005273   Thumb Code   174  usbd_ctlreq.o(i.USBD_StdItfReq)
    USBD_static_free                         0x08005321   Thumb Code     2  usbd_conf.o(i.USBD_static_free)
    USBD_static_malloc                       0x08005325   Thumb Code     6  usbd_conf.o(i.USBD_static_malloc)
    USB_ActivateEndpoint                     0x08005331   Thumb Code   202  stm32f4xx_ll_usb.o(i.USB_ActivateEndpoint)
    USB_ActivateSetup                        0x08005401   Thumb Code    40  stm32f4xx_ll_usb.o(i.USB_ActivateSetup)
    USB_CoreInit                             0x08005429   Thumb Code   136  stm32f4xx_ll_usb.o(i.USB_CoreInit)
    USB_DeactivateEndpoint                   0x08005519   Thumb Code   318  stm32f4xx_ll_usb.o(i.USB_DeactivateEndpoint)
    USB_DevConnect                           0x08005665   Thumb Code    36  stm32f4xx_ll_usb.o(i.USB_DevConnect)
    USB_DevDisconnect                        0x08005689   Thumb Code    36  stm32f4xx_ll_usb.o(i.USB_DevDisconnect)
    USB_DevInit                              0x080056ad   Thumb Code   480  stm32f4xx_ll_usb.o(i.USB_DevInit)
    USB_DisableGlobalInt                     0x08005895   Thumb Code    14  stm32f4xx_ll_usb.o(i.USB_DisableGlobalInt)
    USB_EP0_OutStart                         0x080058a5   Thumb Code   106  stm32f4xx_ll_usb.o(i.USB_EP0_OutStart)
    USB_EPClearStall                         0x08005915   Thumb Code   142  stm32f4xx_ll_usb.o(i.USB_EPClearStall)
    USB_EPSetStall                           0x080059a3   Thumb Code   154  stm32f4xx_ll_usb.o(i.USB_EPSetStall)
    USB_EPStartXfer                          0x08005a3d   Thumb Code   954  stm32f4xx_ll_usb.o(i.USB_EPStartXfer)
    USB_EPStopXfer                           0x08005dfd   Thumb Code   236  stm32f4xx_ll_usb.o(i.USB_EPStopXfer)
    USB_EnableGlobalInt                      0x08005ee9   Thumb Code    14  stm32f4xx_ll_usb.o(i.USB_EnableGlobalInt)
    USB_FlushRxFifo                          0x08005ef7   Thumb Code    80  stm32f4xx_ll_usb.o(i.USB_FlushRxFifo)
    USB_FlushTxFifo                          0x08005f47   Thumb Code    84  stm32f4xx_ll_usb.o(i.USB_FlushTxFifo)
    USB_GetDevSpeed                          0x08005f9b   Thumb Code    38  stm32f4xx_ll_usb.o(i.USB_GetDevSpeed)
    USB_GetMode                              0x08005fc1   Thumb Code    10  stm32f4xx_ll_usb.o(i.USB_GetMode)
    USB_ReadDevAllInEpInterrupt              0x08005fcb   Thumb Code    20  stm32f4xx_ll_usb.o(i.USB_ReadDevAllInEpInterrupt)
    USB_ReadDevAllOutEpInterrupt             0x08005fdf   Thumb Code    20  stm32f4xx_ll_usb.o(i.USB_ReadDevAllOutEpInterrupt)
    USB_ReadDevInEPInterrupt                 0x08005ff3   Thumb Code    50  stm32f4xx_ll_usb.o(i.USB_ReadDevInEPInterrupt)
    USB_ReadDevOutEPInterrupt                0x08006025   Thumb Code    26  stm32f4xx_ll_usb.o(i.USB_ReadDevOutEPInterrupt)
    USB_ReadInterrupts                       0x0800603f   Thumb Code    10  stm32f4xx_ll_usb.o(i.USB_ReadInterrupts)
    USB_ReadPacket                           0x08006049   Thumb Code    96  stm32f4xx_ll_usb.o(i.USB_ReadPacket)
    USB_SetCurrentMode                       0x080060a9   Thumb Code   104  stm32f4xx_ll_usb.o(i.USB_SetCurrentMode)
    USB_SetDevAddress                        0x08006111   Thumb Code    42  stm32f4xx_ll_usb.o(i.USB_SetDevAddress)
    USB_SetDevSpeed                          0x0800613b   Thumb Code    18  stm32f4xx_ll_usb.o(i.USB_SetDevSpeed)
    USB_SetTurnaroundTime                    0x0800614d   Thumb Code   192  stm32f4xx_ll_usb.o(i.USB_SetTurnaroundTime)
    USB_WritePacket                          0x08006235   Thumb Code    68  stm32f4xx_ll_usb.o(i.USB_WritePacket)
    UsageFault_Handler                       0x08006279   Thumb Code     4  stm32f4xx_it.o(i.UsageFault_Handler)
    main                                     0x0800630d   Thumb Code    32  main.o(i.main)
    osDelay                                  0x0800633b   Thumb Code    24  cmsis_os.o(i.osDelay)
    osKernelStart                            0x08006353   Thumb Code    10  cmsis_os.o(i.osKernelStart)
    osThreadCreate                           0x0800635d   Thumb Code    94  cmsis_os.o(i.osThreadCreate)
    pvPortMalloc                             0x080068e5   Thumb Code   306  heap_4.o(i.pvPortMalloc)
    pxPortInitialiseStack                    0x08006a31   Thumb Code    38  port.o(i.pxPortInitialiseStack)
    rs03_PID_Init                            0x08006a5d   Thumb Code    44  run.o(i.rs03_PID_Init)
    uxListRemove                             0x08006a99   Thumb Code    40  list.o(i.uxListRemove)
    vApplicationGetIdleTaskMemory            0x08006ac1   Thumb Code    14  freertos.o(i.vApplicationGetIdleTaskMemory)
    vListInitialise                          0x08006ad9   Thumb Code    26  list.o(i.vListInitialise)
    vListInitialiseItem                      0x08006af3   Thumb Code     6  list.o(i.vListInitialiseItem)
    vListInsert                              0x08006af9   Thumb Code    52  list.o(i.vListInsert)
    vListInsertEnd                           0x08006b2d   Thumb Code    24  list.o(i.vListInsertEnd)
    vPortEnterCritical                       0x08006b45   Thumb Code    76  port.o(i.vPortEnterCritical)
    vPortExitCritical                        0x08006b99   Thumb Code    56  port.o(i.vPortExitCritical)
    vPortFree                                0x08006bd5   Thumb Code   150  heap_4.o(i.vPortFree)
    vPortSetupTimerInterrupt                 0x08006c79   Thumb Code    36  port.o(i.vPortSetupTimerInterrupt)
    vPortValidateInterruptPriority           0x08006ca1   Thumb Code   106  port.o(i.vPortValidateInterruptPriority)
    vTaskDelay                               0x08006d19   Thumb Code    82  tasks.o(i.vTaskDelay)
    vTaskDelayUntil                          0x08006d75   Thumb Code   200  tasks.o(i.vTaskDelayUntil)
    vTaskStartScheduler                      0x08006e49   Thumb Code   146  tasks.o(i.vTaskStartScheduler)
    vTaskSuspendAll                          0x08006ef9   Thumb Code    12  tasks.o(i.vTaskSuspendAll)
    vTaskSwitchContext                       0x08006f09   Thumb Code   118  tasks.o(i.vTaskSwitchContext)
    xPortStartScheduler                      0x08006f95   Thumb Code   330  port.o(i.xPortStartScheduler)
    xQueueGenericCreate                      0x080070fd   Thumb Code    90  queue.o(i.xQueueGenericCreate)
    xQueueGenericReset                       0x08007159   Thumb Code   146  queue.o(i.xQueueGenericReset)
    xQueueGenericSendFromISR                 0x080071f1   Thumb Code   252  queue.o(i.xQueueGenericSendFromISR)
    xTaskCreate                              0x080072ed   Thumb Code   100  tasks.o(i.xTaskCreate)
    xTaskCreateStatic                        0x08007351   Thumb Code   186  tasks.o(i.xTaskCreateStatic)
    xTaskGetTickCount                        0x0800740d   Thumb Code     6  tasks.o(i.xTaskGetTickCount)
    xTaskIncrementTick                       0x08007419   Thumb Code   282  tasks.o(i.xTaskIncrementTick)
    xTaskPriorityDisinherit                  0x08007561   Thumb Code   188  tasks.o(i.xTaskPriorityDisinherit)
    xTaskRemoveFromEventList                 0x08007629   Thumb Code   128  tasks.o(i.xTaskRemoveFromEventList)
    xTaskResumeAll                           0x080076c1   Thumb Code   224  tasks.o(i.xTaskResumeAll)
    _fp_init                                 0x080077c5   Thumb Code    10  fpinit.o(x$fpl$fpinit)
    __fplib_config_fpu_vfp                   0x080077cd   Thumb Code     0  fpinit.o(x$fpl$fpinit)
    __fplib_config_pureend_doubles           0x080077cd   Thumb Code     0  fpinit.o(x$fpl$fpinit)
    AHBPrescTable                            0x080077ec   Data          16  system_stm32f4xx.o(.constdata)
    APBPrescTable                            0x080077fc   Data           8  system_stm32f4xx.o(.constdata)
    Region$$Table$$Base                      0x08007810   Number         0  anon$$obj.o(Region$$Table)
    Region$$Table$$Limit                     0x08007830   Number         0  anon$$obj.o(Region$$Table)
    can_buf                                  0x20000000   Data           8  run.o(.data)
    enable_Joint                             0x20000008   Data           5  run.o(.data)
    Motor_Drive_Handle                       0x20000010   Data           4  run.o(.data)
    rs03                                     0x20000018   Data         104  run.o(.data)
    rs03_torque                              0x20000080   Data           4  run.o(.data)
    rs03_rad                                 0x20000084   Data           4  run.o(.data)
    rs03_omega                               0x20000088   Data           4  run.o(.data)
    rs03_kp                                  0x2000008c   Data           4  run.o(.data)
    rs03_kd                                  0x20000090   Data           4  run.o(.data)
    MotorSendTask_Handle                     0x20000094   Data           4  run.o(.data)
    cdc_recv_semphr                          0x20000098   Data           4  run.o(.data)
    cur_recv_size                            0x2000009c   Data           2  run.o(.data)
    count                                    0x2000009e   Data           1  run.o(.data)
    MotorRecTask_Handle                      0x200000a0   Data           4  run.o(.data)
    buf                                      0x200000a4   Data           8  run.o(.data)
    ID                                       0x200000ac   Data           2  run.o(.data)
    kUsbRecvQueue                            0x200000b0   Data           4  usb_trans.o(.data)
    kUsbRecvSemphr                           0x200000b4   Data           4  usb_trans.o(.data)
    kUsbRecvTaskHandle                       0x200000b8   Data           4  usb_trans.o(.data)
    buffer_index                             0x200000c8   Data           4  usb_trans.o(.data)
    current_cdc_pack_size                    0x200000cc   Data           4  usb_trans.o(.data)
    defaultTaskHandle                        0x200000d0   Data           4  freertos.o(.data)
    FS_Desc                                  0x200000d8   Data          28  usbd_desc.o(.data)
    USBD_FS_DeviceDesc                       0x200000f4   Data          18  usbd_desc.o(.data)
    USBD_LangIDDesc                          0x20000108   Data           4  usbd_desc.o(.data)
    USBD_StringSerial                        0x2000010c   Data          26  usbd_desc.o(.data)
    USBD_Interface_fops_FS                   0x20000128   Data          20  usbd_cdc_if.o(.data)
    uwTick                                   0x2000013c   Data           4  stm32f4xx_hal.o(.data)
    uwTickPrio                               0x20000140   Data           4  stm32f4xx_hal.o(.data)
    uwTickFreq                               0x20000144   Data           1  stm32f4xx_hal.o(.data)
    SystemCoreClock                          0x20000148   Data           4  system_stm32f4xx.o(.data)
    pxCurrentTCB                             0x2000014c   Data           4  tasks.o(.data)
    USBD_CDC                                 0x200001c4   Data          56  usbd_cdc.o(.data)
    Joint                                    0x20000248   Data        1520  run.o(.bss)
    rs03_pos_pid                             0x20000838   Data          36  run.o(.bss)
    arm_t                                    0x2000085c   Data          76  run.o(.bss)
    arm_Rec_t                                0x200008a8   Data          76  run.o(.bss)
    hcan1                                    0x20000b48   Data          40  can.o(.bss)
    hcan2                                    0x20000b70   Data          40  can.o(.bss)
    htim14                                   0x20000b98   Data          72  stm32f4xx_hal_timebase_tim.o(.bss)
    hUsbDeviceFS                             0x20000be0   Data         732  usb_device.o(.bss)
    USBD_StrDesc                             0x20000ebc   Data         512  usbd_desc.o(.bss)
    UserRxBufferFS                           0x200010bc   Data        2048  usbd_cdc_if.o(.bss)
    UserTxBufferFS                           0x200018bc   Data        2048  usbd_cdc_if.o(.bss)
    hpcd_USB_OTG_FS                          0x200020bc   Data        1252  usbd_conf.o(.bss)
    __libspace_start                         0x200064b0   Data          96  libspace.o(.bss)
    __temporary_stack_top$libspace           0x20006510   Data           0  libspace.o(.bss)



==============================================================================

Memory Map of the image

  Image Entry point : 0x08000189

  Load Region LR_IROM1 (Base: 0x08000000, Size: 0x00007a74, Max: 0x00080000, ABSOLUTE, COMPRESSED[0x0000790c])

    Execution Region ER_IROM1 (Exec base: 0x08000000, Load base: 0x08000000, Size: 0x00007830, Max: 0x00080000, ABSOLUTE)

    Exec Addr    Load Addr    Size         Type   Attr      Idx    E Section Name        Object

    0x08000000   0x08000000   0x00000188   Data   RO            3    RESET               startup_stm32f407xx.o
    0x08000188   0x08000188   0x00000008   Code   RO         6263  * !!!main             c_w.l(__main.o)
    0x08000190   0x08000190   0x00000034   Code   RO         6455    !!!scatter          c_w.l(__scatter.o)
    0x080001c4   0x080001c4   0x0000005a   Code   RO         6453    !!dczerorl2         c_w.l(__dczerorl2.o)
    0x0800021e   0x0800021e   0x00000002   PAD
    0x08000220   0x08000220   0x0000001c   Code   RO         6457    !!handler_zi        c_w.l(__scatter_zi.o)
    0x0800023c   0x0800023c   0x00000002   Code   RO         6321    .ARM.Collect$$libinit$$00000000  c_w.l(libinit.o)
    0x0800023e   0x0800023e   0x00000004   Code   RO         6333    .ARM.Collect$$libinit$$00000001  c_w.l(libinit2.o)
    0x08000242   0x08000242   0x00000000   Code   RO         6336    .ARM.Collect$$libinit$$00000004  c_w.l(libinit2.o)
    0x08000242   0x08000242   0x00000000   Code   RO         6339    .ARM.Collect$$libinit$$0000000A  c_w.l(libinit2.o)
    0x08000242   0x08000242   0x00000000   Code   RO         6341    .ARM.Collect$$libinit$$0000000C  c_w.l(libinit2.o)
    0x08000242   0x08000242   0x00000000   Code   RO         6343    .ARM.Collect$$libinit$$0000000E  c_w.l(libinit2.o)
    0x08000242   0x08000242   0x00000000   Code   RO         6346    .ARM.Collect$$libinit$$00000011  c_w.l(libinit2.o)
    0x08000242   0x08000242   0x00000000   Code   RO         6348    .ARM.Collect$$libinit$$00000013  c_w.l(libinit2.o)
    0x08000242   0x08000242   0x00000000   Code   RO         6350    .ARM.Collect$$libinit$$00000015  c_w.l(libinit2.o)
    0x08000242   0x08000242   0x00000000   Code   RO         6352    .ARM.Collect$$libinit$$00000017  c_w.l(libinit2.o)
    0x08000242   0x08000242   0x00000000   Code   RO         6354    .ARM.Collect$$libinit$$00000019  c_w.l(libinit2.o)
    0x08000242   0x08000242   0x00000000   Code   RO         6356    .ARM.Collect$$libinit$$0000001B  c_w.l(libinit2.o)
    0x08000242   0x08000242   0x00000000   Code   RO         6358    .ARM.Collect$$libinit$$0000001D  c_w.l(libinit2.o)
    0x08000242   0x08000242   0x00000000   Code   RO         6360    .ARM.Collect$$libinit$$0000001F  c_w.l(libinit2.o)
    0x08000242   0x08000242   0x00000000   Code   RO         6362    .ARM.Collect$$libinit$$00000021  c_w.l(libinit2.o)
    0x08000242   0x08000242   0x00000000   Code   RO         6364    .ARM.Collect$$libinit$$00000023  c_w.l(libinit2.o)
    0x08000242   0x08000242   0x00000000   Code   RO         6366    .ARM.Collect$$libinit$$00000025  c_w.l(libinit2.o)
    0x08000242   0x08000242   0x00000000   Code   RO         6370    .ARM.Collect$$libinit$$0000002C  c_w.l(libinit2.o)
    0x08000242   0x08000242   0x00000000   Code   RO         6372    .ARM.Collect$$libinit$$0000002E  c_w.l(libinit2.o)
    0x08000242   0x08000242   0x00000000   Code   RO         6374    .ARM.Collect$$libinit$$00000030  c_w.l(libinit2.o)
    0x08000242   0x08000242   0x00000000   Code   RO         6376    .ARM.Collect$$libinit$$00000032  c_w.l(libinit2.o)
    0x08000242   0x08000242   0x00000002   Code   RO         6377    .ARM.Collect$$libinit$$00000033  c_w.l(libinit2.o)
    0x08000244   0x08000244   0x00000002   Code   RO         6408    .ARM.Collect$$libshutdown$$00000000  c_w.l(libshutdown.o)
    0x08000246   0x08000246   0x00000000   Code   RO         6434    .ARM.Collect$$libshutdown$$00000002  c_w.l(libshutdown2.o)
    0x08000246   0x08000246   0x00000000   Code   RO         6436    .ARM.Collect$$libshutdown$$00000004  c_w.l(libshutdown2.o)
    0x08000246   0x08000246   0x00000000   Code   RO         6438    .ARM.Collect$$libshutdown$$00000006  c_w.l(libshutdown2.o)
    0x08000246   0x08000246   0x00000000   Code   RO         6441    .ARM.Collect$$libshutdown$$00000009  c_w.l(libshutdown2.o)
    0x08000246   0x08000246   0x00000000   Code   RO         6444    .ARM.Collect$$libshutdown$$0000000C  c_w.l(libshutdown2.o)
    0x08000246   0x08000246   0x00000000   Code   RO         6446    .ARM.Collect$$libshutdown$$0000000E  c_w.l(libshutdown2.o)
    0x08000246   0x08000246   0x00000000   Code   RO         6449    .ARM.Collect$$libshutdown$$00000011  c_w.l(libshutdown2.o)
    0x08000246   0x08000246   0x00000002   Code   RO         6450    .ARM.Collect$$libshutdown$$00000012  c_w.l(libshutdown2.o)
    0x08000248   0x08000248   0x00000000   Code   RO         6275    .ARM.Collect$$rtentry$$00000000  c_w.l(__rtentry.o)
    0x08000248   0x08000248   0x00000000   Code   RO         6292    .ARM.Collect$$rtentry$$00000002  c_w.l(__rtentry2.o)
    0x08000248   0x08000248   0x00000006   Code   RO         6304    .ARM.Collect$$rtentry$$00000004  c_w.l(__rtentry4.o)
    0x0800024e   0x0800024e   0x00000000   Code   RO         6294    .ARM.Collect$$rtentry$$00000009  c_w.l(__rtentry2.o)
    0x0800024e   0x0800024e   0x00000004   Code   RO         6295    .ARM.Collect$$rtentry$$0000000A  c_w.l(__rtentry2.o)
    0x08000252   0x08000252   0x00000000   Code   RO         6297    .ARM.Collect$$rtentry$$0000000C  c_w.l(__rtentry2.o)
    0x08000252   0x08000252   0x00000008   Code   RO         6298    .ARM.Collect$$rtentry$$0000000D  c_w.l(__rtentry2.o)
    0x0800025a   0x0800025a   0x00000002   Code   RO         6325    .ARM.Collect$$rtexit$$00000000  c_w.l(rtexit.o)
    0x0800025c   0x0800025c   0x00000000   Code   RO         6381    .ARM.Collect$$rtexit$$00000002  c_w.l(rtexit2.o)
    0x0800025c   0x0800025c   0x00000004   Code   RO         6382    .ARM.Collect$$rtexit$$00000003  c_w.l(rtexit2.o)
    0x08000260   0x08000260   0x00000006   Code   RO         6383    .ARM.Collect$$rtexit$$00000004  c_w.l(rtexit2.o)
    0x08000266   0x08000266   0x00000002   PAD
    0x08000268   0x08000268   0x000000be   Code   RO         5742    .emb_text           port.o
    0x08000326   0x08000326   0x00000002   PAD
    0x08000328   0x08000328   0x00000040   Code   RO            4    .text               startup_stm32f407xx.o
    0x08000368   0x08000368   0x000000ee   Code   RO         6251    .text               c_w.l(lludivv7m.o)
    0x08000456   0x08000456   0x0000008a   Code   RO         6253    .text               c_w.l(rt_memcpy_v6.o)
    0x080004e0   0x080004e0   0x00000064   Code   RO         6255    .text               c_w.l(rt_memcpy_w.o)
    0x08000544   0x08000544   0x0000004e   Code   RO         6259    .text               c_w.l(rt_memclr_w.o)
    0x08000592   0x08000592   0x00000006   Code   RO         6261    .text               c_w.l(heapauxi.o)
    0x08000598   0x08000598   0x0000004a   Code   RO         6308    .text               c_w.l(sys_stackheap_outer.o)
    0x080005e2   0x080005e2   0x00000012   Code   RO         6310    .text               c_w.l(exit.o)
    0x080005f4   0x080005f4   0x00000008   Code   RO         6322    .text               c_w.l(libspace.o)
    0x080005fc   0x080005fc   0x0000000c   Code   RO         6378    .text               c_w.l(sys_exit.o)
    0x08000608   0x08000608   0x00000002   Code   RO         6397    .text               c_w.l(use_no_semi.o)
    0x0800060a   0x0800060a   0x00000000   Code   RO         6399    .text               c_w.l(indicate_semi.o)
    0x0800060a   0x0800060a   0x00000004   Code   RO          908    i.BusFault_Handler  stm32f4xx_it.o
    0x0800060e   0x0800060e   0x00000002   PAD
    0x08000610   0x08000610   0x00000010   Code   RO          909    i.CAN1_RX0_IRQHandler  stm32f4xx_it.o
    0x08000620   0x08000620   0x00000010   Code   RO          910    i.CAN1_TX_IRQHandler  stm32f4xx_it.o
    0x08000630   0x08000630   0x00000010   Code   RO          911    i.CAN2_RX1_IRQHandler  stm32f4xx_it.o
    0x08000640   0x08000640   0x00000010   Code   RO          912    i.CAN2_TX_IRQHandler  stm32f4xx_it.o
    0x08000650   0x08000650   0x0000003c   Code   RO          371    i.CAN_Receive_DataFrame  candrive.o
    0x0800068c   0x0800068c   0x00000044   Code   RO         1186    i.CDC_Control_FS    usbd_cdc_if.o
    0x080006d0   0x080006d0   0x00000004   Code   RO         1187    i.CDC_DeInit_FS     usbd_cdc_if.o
    0x080006d4   0x080006d4   0x00000024   Code   RO         1188    i.CDC_Init_FS       usbd_cdc_if.o
    0x080006f8   0x080006f8   0x00000012   Code   RO         1189    i.CDC_Receive_FS    usbd_cdc_if.o
    0x0800070a   0x0800070a   0x00000002   PAD
    0x0800070c   0x0800070c   0x00000034   Code   RO          689    i.CDC_RecvCplt_Handler  usb_trans.o
    0x08000740   0x08000740   0x0000000c   Code   RO         1190    i.CDC_TransmitCplt_FS  usbd_cdc_if.o
    0x0800074c   0x0800074c   0x00000054   Code   RO          373    i.CanFilter_Init    candrive.o
    0x080007a0   0x080007a0   0x00000002   Code   RO          913    i.DebugMon_Handler  stm32f4xx_it.o
    0x080007a2   0x080007a2   0x00000006   Code   RO          738    i.Error_Handler     main.o
    0x080007a8   0x080007a8   0x00000034   Code   RO         1096    i.Get_SerialNum     usbd_desc.o
    0x080007dc   0x080007dc   0x0000002a   Code   RO         4237    i.HAL_CAN_ActivateNotification  stm32f4xx_hal_can.o
    0x08000806   0x08000806   0x0000014a   Code   RO         4238    i.HAL_CAN_AddTxMessage  stm32f4xx_hal_can.o
    0x08000950   0x08000950   0x00000120   Code   RO         4239    i.HAL_CAN_ConfigFilter  stm32f4xx_hal_can.o
    0x08000a70   0x08000a70   0x00000002   Code   RO         4242    i.HAL_CAN_ErrorCallback  stm32f4xx_hal_can.o
    0x08000a72   0x08000a72   0x00000194   Code   RO         4245    i.HAL_CAN_GetRxMessage  stm32f4xx_hal_can.o
    0x08000c06   0x08000c06   0x0000024e   Code   RO         4249    i.HAL_CAN_IRQHandler  stm32f4xx_hal_can.o
    0x08000e54   0x08000e54   0x00000174   Code   RO         4250    i.HAL_CAN_Init      stm32f4xx_hal_can.o
    0x08000fc8   0x08000fc8   0x00000180   Code   RO          860    i.HAL_CAN_MspInit   can.o
    0x08001148   0x08001148   0x00000002   Code   RO         4257    i.HAL_CAN_RxFifo0FullCallback  stm32f4xx_hal_can.o
    0x0800114a   0x0800114a   0x00000002   PAD
    0x0800114c   0x0800114c   0x0000001c   Code   RO           14    i.HAL_CAN_RxFifo0MsgPendingCallback  run.o
    0x08001168   0x08001168   0x00000002   Code   RO         4259    i.HAL_CAN_RxFifo1FullCallback  stm32f4xx_hal_can.o
    0x0800116a   0x0800116a   0x00000002   PAD
    0x0800116c   0x0800116c   0x00000024   Code   RO           15    i.HAL_CAN_RxFifo1MsgPendingCallback  run.o
    0x08001190   0x08001190   0x00000002   Code   RO         4261    i.HAL_CAN_SleepCallback  stm32f4xx_hal_can.o
    0x08001192   0x08001192   0x0000005e   Code   RO         4262    i.HAL_CAN_Start     stm32f4xx_hal_can.o
    0x080011f0   0x080011f0   0x00000002   Code   RO         4264    i.HAL_CAN_TxMailbox0AbortCallback  stm32f4xx_hal_can.o
    0x080011f2   0x080011f2   0x00000002   Code   RO         4265    i.HAL_CAN_TxMailbox0CompleteCallback  stm32f4xx_hal_can.o
    0x080011f4   0x080011f4   0x00000002   Code   RO         4266    i.HAL_CAN_TxMailbox1AbortCallback  stm32f4xx_hal_can.o
    0x080011f6   0x080011f6   0x00000002   Code   RO         4267    i.HAL_CAN_TxMailbox1CompleteCallback  stm32f4xx_hal_can.o
    0x080011f8   0x080011f8   0x00000002   Code   RO         4268    i.HAL_CAN_TxMailbox2AbortCallback  stm32f4xx_hal_can.o
    0x080011fa   0x080011fa   0x00000002   Code   RO         4269    i.HAL_CAN_TxMailbox2CompleteCallback  stm32f4xx_hal_can.o
    0x080011fc   0x080011fc   0x00000002   Code   RO         4271    i.HAL_CAN_WakeUpFromRxMsgCallback  stm32f4xx_hal_can.o
    0x080011fe   0x080011fe   0x00000002   PAD
    0x08001200   0x08001200   0x00000028   Code   RO         3985    i.HAL_Delay         stm32f4xx_hal.o
    0x08001228   0x08001228   0x000001f4   Code   RO         3436    i.HAL_GPIO_Init     stm32f4xx_hal_gpio.o
    0x0800141c   0x0800141c   0x0000000c   Code   RO         3991    i.HAL_GetTick       stm32f4xx_hal.o
    0x08001428   0x08001428   0x00000018   Code   RO         3997    i.HAL_IncTick       stm32f4xx_hal.o
    0x08001440   0x08001440   0x0000003c   Code   RO         3998    i.HAL_Init          stm32f4xx_hal.o
    0x0800147c   0x0800147c   0x000000b4   Code   RO         1026    i.HAL_InitTick      stm32f4xx_hal_timebase_tim.o
    0x08001530   0x08001530   0x00000054   Code   RO         1002    i.HAL_MspInit       stm32f4xx_hal_msp.o
    0x08001584   0x08001584   0x00000028   Code   RO         3828    i.HAL_NVIC_EnableIRQ  stm32f4xx_hal_cortex.o
    0x080015ac   0x080015ac   0x0000007c   Code   RO         3834    i.HAL_NVIC_SetPriority  stm32f4xx_hal_cortex.o
    0x08001628   0x08001628   0x00000028   Code   RO         3835    i.HAL_NVIC_SetPriorityGrouping  stm32f4xx_hal_cortex.o
    0x08001650   0x08001650   0x00000002   Code   RO         2684    i.HAL_PCDEx_LPM_Callback  stm32f4xx_hal_pcd_ex.o
    0x08001652   0x08001652   0x0000000a   Code   RO         2685    i.HAL_PCDEx_SetRxFiFo  stm32f4xx_hal_pcd_ex.o
    0x0800165c   0x0800165c   0x0000004e   Code   RO         2686    i.HAL_PCDEx_SetTxFiFo  stm32f4xx_hal_pcd_ex.o
    0x080016aa   0x080016aa   0x0000000e   Code   RO         1249    i.HAL_PCD_ConnectCallback  usbd_conf.o
    0x080016b8   0x080016b8   0x00000020   Code   RO         1250    i.HAL_PCD_DataInStageCallback  usbd_conf.o
    0x080016d8   0x080016d8   0x00000020   Code   RO         1251    i.HAL_PCD_DataOutStageCallback  usbd_conf.o
    0x080016f8   0x080016f8   0x0000000e   Code   RO         1252    i.HAL_PCD_DisconnectCallback  usbd_conf.o
    0x08001706   0x08001706   0x00000042   Code   RO         2449    i.HAL_PCD_EP_Abort  stm32f4xx_hal_pcd.o
    0x08001748   0x08001748   0x0000006a   Code   RO         2450    i.HAL_PCD_EP_Close  stm32f4xx_hal_pcd.o
    0x080017b2   0x080017b2   0x0000007c   Code   RO         2451    i.HAL_PCD_EP_ClrStall  stm32f4xx_hal_pcd.o
    0x0800182e   0x0800182e   0x00000016   Code   RO         2453    i.HAL_PCD_EP_GetRxCount  stm32f4xx_hal_pcd.o
    0x08001844   0x08001844   0x0000008e   Code   RO         2454    i.HAL_PCD_EP_Open   stm32f4xx_hal_pcd.o
    0x080018d2   0x080018d2   0x00000046   Code   RO         2455    i.HAL_PCD_EP_Receive  stm32f4xx_hal_pcd.o
    0x08001918   0x08001918   0x0000008a   Code   RO         2456    i.HAL_PCD_EP_SetStall  stm32f4xx_hal_pcd.o
    0x080019a2   0x080019a2   0x00000048   Code   RO         2457    i.HAL_PCD_EP_Transmit  stm32f4xx_hal_pcd.o
    0x080019ea   0x080019ea   0x000006ca   Code   RO         2459    i.HAL_PCD_IRQHandler  stm32f4xx_hal_pcd.o
    0x080020b4   0x080020b4   0x00000012   Code   RO         1253    i.HAL_PCD_ISOINIncompleteCallback  usbd_conf.o
    0x080020c6   0x080020c6   0x00000012   Code   RO         1254    i.HAL_PCD_ISOOUTIncompleteCallback  usbd_conf.o
    0x080020d8   0x080020d8   0x0000015e   Code   RO         2462    i.HAL_PCD_Init      stm32f4xx_hal_pcd.o
    0x08002236   0x08002236   0x00000002   PAD
    0x08002238   0x08002238   0x000000a8   Code   RO         1256    i.HAL_PCD_MspInit   usbd_conf.o
    0x080022e0   0x080022e0   0x00000030   Code   RO         1257    i.HAL_PCD_ResetCallback  usbd_conf.o
    0x08002310   0x08002310   0x0000000e   Code   RO         1258    i.HAL_PCD_ResumeCallback  usbd_conf.o
    0x0800231e   0x0800231e   0x0000000e   Code   RO         1259    i.HAL_PCD_SOFCallback  usbd_conf.o
    0x0800232c   0x0800232c   0x00000034   Code   RO         2468    i.HAL_PCD_SetAddress  stm32f4xx_hal_pcd.o
    0x08002360   0x08002360   0x00000012   Code   RO         1260    i.HAL_PCD_SetupStageCallback  usbd_conf.o
    0x08002372   0x08002372   0x0000004c   Code   RO         2471    i.HAL_PCD_Start     stm32f4xx_hal_pcd.o
    0x080023be   0x080023be   0x00000002   PAD
    0x080023c0   0x080023c0   0x00000034   Code   RO         1261    i.HAL_PCD_SuspendCallback  usbd_conf.o
    0x080023f4   0x080023f4   0x00000184   Code   RO         3037    i.HAL_RCC_ClockConfig  stm32f4xx_hal_rcc.o
    0x08002578   0x08002578   0x00000044   Code   RO         3041    i.HAL_RCC_GetClockConfig  stm32f4xx_hal_rcc.o
    0x080025bc   0x080025bc   0x0000000c   Code   RO         3042    i.HAL_RCC_GetHCLKFreq  stm32f4xx_hal_rcc.o
    0x080025c8   0x080025c8   0x00000020   Code   RO         3044    i.HAL_RCC_GetPCLK1Freq  stm32f4xx_hal_rcc.o
    0x080025e8   0x080025e8   0x000000b0   Code   RO         3046    i.HAL_RCC_GetSysClockFreq  stm32f4xx_hal_rcc.o
    0x08002698   0x08002698   0x0000049c   Code   RO         3049    i.HAL_RCC_OscConfig  stm32f4xx_hal_rcc.o
    0x08002b34   0x08002b34   0x00000002   Code   RO         2173    i.HAL_TIMEx_BreakCallback  stm32f4xx_hal_tim_ex.o
    0x08002b36   0x08002b36   0x00000002   Code   RO         2174    i.HAL_TIMEx_CommutCallback  stm32f4xx_hal_tim_ex.o
    0x08002b38   0x08002b38   0x00000066   Code   RO         1458    i.HAL_TIM_Base_Init  stm32f4xx_hal_tim.o
    0x08002b9e   0x08002b9e   0x00000002   Code   RO         1460    i.HAL_TIM_Base_MspInit  stm32f4xx_hal_tim.o
    0x08002ba0   0x08002ba0   0x000000a8   Code   RO         1463    i.HAL_TIM_Base_Start_IT  stm32f4xx_hal_tim.o
    0x08002c48   0x08002c48   0x00000002   Code   RO         1492    i.HAL_TIM_IC_CaptureCallback  stm32f4xx_hal_tim.o
    0x08002c4a   0x08002c4a   0x0000016c   Code   RO         1506    i.HAL_TIM_IRQHandler  stm32f4xx_hal_tim.o
    0x08002db6   0x08002db6   0x00000002   Code   RO         1509    i.HAL_TIM_OC_DelayElapsedCallback  stm32f4xx_hal_tim.o
    0x08002db8   0x08002db8   0x00000002   Code   RO         1536    i.HAL_TIM_PWM_PulseFinishedCallback  stm32f4xx_hal_tim.o
    0x08002dba   0x08002dba   0x00000002   PAD
    0x08002dbc   0x08002dbc   0x00000018   Code   RO          739    i.HAL_TIM_PeriodElapsedCallback  main.o
    0x08002dd4   0x08002dd4   0x00000002   Code   RO         1549    i.HAL_TIM_TriggerCallback  stm32f4xx_hal_tim.o
    0x08002dd6   0x08002dd6   0x00000004   Code   RO          914    i.HardFault_Handler  stm32f4xx_it.o
    0x08002dda   0x08002dda   0x0000003e   Code   RO         1097    i.IntToUnicode      usbd_desc.o
    0x08002e18   0x08002e18   0x00000044   Code   RO          861    i.MX_CAN1_Init      can.o
    0x08002e5c   0x08002e5c   0x00000044   Code   RO          862    i.MX_CAN2_Init      can.o
    0x08002ea0   0x08002ea0   0x00000038   Code   RO          816    i.MX_FREERTOS_Init  freertos.o
    0x08002ed8   0x08002ed8   0x00000064   Code   RO          792    i.MX_GPIO_Init      gpio.o
    0x08002f3c   0x08002f3c   0x0000004c   Code   RO         1065    i.MX_USB_DEVICE_Init  usb_device.o
    0x08002f88   0x08002f88   0x00000004   Code   RO          915    i.MemManage_Handler  stm32f4xx_it.o
    0x08002f8c   0x08002f8c   0x00000094   Code   RO           18    i.Motor_Drive       run.o
    0x08003020   0x08003020   0x00000004   Code   RO          916    i.NMI_Handler       stm32f4xx_it.o
    0x08003024   0x08003024   0x00000010   Code   RO          917    i.OTG_FS_IRQHandler  stm32f4xx_it.o
    0x08003034   0x08003034   0x00000064   Code   RO         2475    i.PCD_EP_OutSetupPacket_int  stm32f4xx_hal_pcd.o
    0x08003098   0x08003098   0x00000144   Code   RO         2476    i.PCD_EP_OutXfrComplete_int  stm32f4xx_hal_pcd.o
    0x080031dc   0x080031dc   0x000000b6   Code   RO         2477    i.PCD_WriteEmptyTxFifo  stm32f4xx_hal_pcd.o
    0x08003292   0x08003292   0x000000ca   Code   RO          665    i.PID_Control       pid.o
    0x0800335c   0x0800335c   0x00000024   Code   RO          531    i.RobStrideEnable   robstride2.o
    0x08003380   0x08003380   0x0000000e   Code   RO          533    i.RobStrideInit     robstride2.o
    0x0800338e   0x0800338e   0x00000002   PAD
    0x08003390   0x08003390   0x000001b0   Code   RO          534    i.RobStrideMotionControl  robstride2.o
    0x08003540   0x08003540   0x00000218   Code   RO          536    i.RobStrideRecv_Handle  robstride2.o
    0x08003758   0x08003758   0x00000032   Code   RO          538    i.RobStrideSend     robstride2.o
    0x0800378a   0x0800378a   0x00000036   Code   RO          542    i.RobStrideSetMode  robstride2.o
    0x080037c0   0x080037c0   0x00000012   Code   RO         5984    i.SWAPBYTE          usbd_ctlreq.o
    0x080037d2   0x080037d2   0x00000012   Code   RO          817    i.StartDefaultTask  freertos.o
    0x080037e4   0x080037e4   0x00000034   Code   RO         5743    i.SysTick_Handler   port.o
    0x08003818   0x08003818   0x000000b4   Code   RO          740    i.SystemClock_Config  main.o
    0x080038cc   0x080038cc   0x00000014   Code   RO         4471    i.SystemInit        system_stm32f4xx.o
    0x080038e0   0x080038e0   0x00000010   Code   RO          918    i.TIM8_TRG_COM_TIM14_IRQHandler  stm32f4xx_it.o
    0x080038f0   0x080038f0   0x000000e0   Code   RO         1551    i.TIM_Base_SetConfig  stm32f4xx_hal_tim.o
    0x080039d0   0x080039d0   0x00000094   Code   RO          289    i.Task_Init         task_init.o
    0x08003a64   0x08003a64   0x000000be   Code   RO         6147    i.USBD_CDC_DataIn   usbd_cdc.o
    0x08003b22   0x08003b22   0x00000048   Code   RO         6148    i.USBD_CDC_DataOut  usbd_cdc.o
    0x08003b6a   0x08003b6a   0x00000002   PAD
    0x08003b6c   0x08003b6c   0x000000d4   Code   RO         6149    i.USBD_CDC_DeInit   usbd_cdc.o
    0x08003c40   0x08003c40   0x00000050   Code   RO         6150    i.USBD_CDC_EP0_RxReady  usbd_cdc.o
    0x08003c90   0x08003c90   0x00000010   Code   RO         6151    i.USBD_CDC_GetDeviceQualifierDescriptor  usbd_cdc.o
    0x08003ca0   0x08003ca0   0x00000044   Code   RO         6152    i.USBD_CDC_GetFSCfgDesc  usbd_cdc.o
    0x08003ce4   0x08003ce4   0x00000048   Code   RO         6153    i.USBD_CDC_GetHSCfgDesc  usbd_cdc.o
    0x08003d2c   0x08003d2c   0x00000044   Code   RO         6154    i.USBD_CDC_GetOtherSpeedCfgDesc  usbd_cdc.o
    0x08003d70   0x08003d70   0x000001a0   Code   RO         6155    i.USBD_CDC_Init     usbd_cdc.o
    0x08003f10   0x08003f10   0x00000018   Code   RO         6157    i.USBD_CDC_RegisterInterface  usbd_cdc.o
    0x08003f28   0x08003f28   0x0000001e   Code   RO         6158    i.USBD_CDC_SetRxBuffer  usbd_cdc.o
    0x08003f46   0x08003f46   0x00000024   Code   RO         6159    i.USBD_CDC_SetTxBuffer  usbd_cdc.o
    0x08003f6a   0x08003f6a   0x00000140   Code   RO         6160    i.USBD_CDC_Setup    usbd_cdc.o
    0x080040aa   0x080040aa   0x0000001c   Code   RO         5822    i.USBD_ClrClassConfig  usbd_core.o
    0x080040c6   0x080040c6   0x0000003e   Code   RO         5985    i.USBD_ClrFeature   usbd_ctlreq.o
    0x08004104   0x08004104   0x00000006   Code   RO         5823    i.USBD_CoreFindEP   usbd_core.o
    0x0800410a   0x0800410a   0x00000006   Code   RO         5824    i.USBD_CoreFindIF   usbd_core.o
    0x08004110   0x08004110   0x00000018   Code   RO         6087    i.USBD_CtlContinueRx  usbd_ioreq.o
    0x08004128   0x08004128   0x00000018   Code   RO         6088    i.USBD_CtlContinueSendData  usbd_ioreq.o
    0x08004140   0x08004140   0x00000018   Code   RO         5986    i.USBD_CtlError     usbd_ctlreq.o
    0x08004158   0x08004158   0x0000002e   Code   RO         6089    i.USBD_CtlPrepareRx  usbd_ioreq.o
    0x08004186   0x08004186   0x0000001a   Code   RO         6090    i.USBD_CtlReceiveStatus  usbd_ioreq.o
    0x080041a0   0x080041a0   0x00000024   Code   RO         6091    i.USBD_CtlSendData  usbd_ioreq.o
    0x080041c4   0x080041c4   0x0000001a   Code   RO         6092    i.USBD_CtlSendStatus  usbd_ioreq.o
    0x080041de   0x080041de   0x00000002   PAD
    0x080041e0   0x080041e0   0x00000034   Code   RO         1098    i.USBD_FS_ConfigStrDescriptor  usbd_desc.o
    0x08004214   0x08004214   0x00000010   Code   RO         1099    i.USBD_FS_DeviceDescriptor  usbd_desc.o
    0x08004224   0x08004224   0x00000038   Code   RO         1100    i.USBD_FS_InterfaceStrDescriptor  usbd_desc.o
    0x0800425c   0x0800425c   0x00000010   Code   RO         1101    i.USBD_FS_LangIDStrDescriptor  usbd_desc.o
    0x0800426c   0x0800426c   0x0000002c   Code   RO         1102    i.USBD_FS_ManufacturerStrDescriptor  usbd_desc.o
    0x08004298   0x08004298   0x00000040   Code   RO         1103    i.USBD_FS_ProductStrDescriptor  usbd_desc.o
    0x080042d8   0x080042d8   0x00000018   Code   RO         1104    i.USBD_FS_SerialStrDescriptor  usbd_desc.o
    0x080042f0   0x080042f0   0x00000056   Code   RO         5987    i.USBD_GetConfig    usbd_ctlreq.o
    0x08004346   0x08004346   0x000001fc   Code   RO         5988    i.USBD_GetDescriptor  usbd_ctlreq.o
    0x08004542   0x08004542   0x00000050   Code   RO         5826    i.USBD_GetEpDesc    usbd_core.o
    0x08004592   0x08004592   0x00000016   Code   RO         5989    i.USBD_GetLen       usbd_ctlreq.o
    0x080045a8   0x080045a8   0x00000014   Code   RO         5827    i.USBD_GetNextDesc  usbd_core.o
    0x080045bc   0x080045bc   0x0000005a   Code   RO         5990    i.USBD_GetStatus    usbd_ctlreq.o
    0x08004616   0x08004616   0x00000068   Code   RO         5991    i.USBD_GetString    usbd_ctlreq.o
    0x0800467e   0x0800467e   0x0000002c   Code   RO         1262    i.USBD_Get_USB_Status  usbd_conf.o
    0x080046aa   0x080046aa   0x0000003a   Code   RO         5828    i.USBD_Init         usbd_core.o
    0x080046e4   0x080046e4   0x00000026   Code   RO         1263    i.USBD_LL_ClearStallEP  usbd_conf.o
    0x0800470a   0x0800470a   0x00000026   Code   RO         1264    i.USBD_LL_CloseEP   usbd_conf.o
    0x08004730   0x08004730   0x00000110   Code   RO         5829    i.USBD_LL_DataInStage  usbd_core.o
    0x08004840   0x08004840   0x0000010a   Code   RO         5830    i.USBD_LL_DataOutStage  usbd_core.o
    0x0800494a   0x0800494a   0x00000006   Code   RO         5831    i.USBD_LL_DevConnected  usbd_core.o
    0x08004950   0x08004950   0x00000026   Code   RO         5832    i.USBD_LL_DevDisconnected  usbd_core.o
    0x08004976   0x08004976   0x00000012   Code   RO         1268    i.USBD_LL_GetRxDataSize  usbd_conf.o
    0x08004988   0x08004988   0x00000068   Code   RO         1269    i.USBD_LL_Init      usbd_conf.o
    0x080049f0   0x080049f0   0x00000038   Code   RO         1270    i.USBD_LL_IsStallEP  usbd_conf.o
    0x08004a28   0x08004a28   0x00000048   Code   RO         5833    i.USBD_LL_IsoINIncomplete  usbd_core.o
    0x08004a70   0x08004a70   0x00000048   Code   RO         5834    i.USBD_LL_IsoOUTIncomplete  usbd_core.o
    0x08004ab8   0x08004ab8   0x00000030   Code   RO         1271    i.USBD_LL_OpenEP    usbd_conf.o
    0x08004ae8   0x08004ae8   0x00000030   Code   RO         1272    i.USBD_LL_PrepareReceive  usbd_conf.o
    0x08004b18   0x08004b18   0x0000006e   Code   RO         5835    i.USBD_LL_Reset     usbd_core.o
    0x08004b86   0x08004b86   0x00000016   Code   RO         5836    i.USBD_LL_Resume    usbd_core.o
    0x08004b9c   0x08004b9c   0x00000028   Code   RO         5837    i.USBD_LL_SOF       usbd_core.o
    0x08004bc4   0x08004bc4   0x00000008   Code   RO         5838    i.USBD_LL_SetSpeed  usbd_core.o
    0x08004bcc   0x08004bcc   0x00000026   Code   RO         1273    i.USBD_LL_SetUSBAddress  usbd_conf.o
    0x08004bf2   0x08004bf2   0x00000076   Code   RO         5839    i.USBD_LL_SetupStage  usbd_core.o
    0x08004c68   0x08004c68   0x00000026   Code   RO         1274    i.USBD_LL_StallEP   usbd_conf.o
    0x08004c8e   0x08004c8e   0x0000001e   Code   RO         1275    i.USBD_LL_Start     usbd_conf.o
    0x08004cac   0x08004cac   0x0000001c   Code   RO         5840    i.USBD_LL_Suspend   usbd_core.o
    0x08004cc8   0x08004cc8   0x00000030   Code   RO         1277    i.USBD_LL_Transmit  usbd_conf.o
    0x08004cf8   0x08004cf8   0x00000036   Code   RO         5992    i.USBD_ParseSetupRequest  usbd_ctlreq.o
    0x08004d2e   0x08004d2e   0x00000048   Code   RO         5841    i.USBD_RegisterClass  usbd_core.o
    0x08004d76   0x08004d76   0x00000006   Code   RO         5842    i.USBD_RunTestMode  usbd_core.o
    0x08004d7c   0x08004d7c   0x0000005a   Code   RO         5993    i.USBD_SetAddress   usbd_ctlreq.o
    0x08004dd6   0x08004dd6   0x00000020   Code   RO         5843    i.USBD_SetClassConfig  usbd_core.o
    0x08004df6   0x08004df6   0x00000002   PAD
    0x08004df8   0x08004df8   0x00000104   Code   RO         5994    i.USBD_SetConfig    usbd_ctlreq.o
    0x08004efc   0x08004efc   0x00000038   Code   RO         5995    i.USBD_SetFeature   usbd_ctlreq.o
    0x08004f34   0x08004f34   0x0000000c   Code   RO         5844    i.USBD_Start        usbd_core.o
    0x08004f40   0x08004f40   0x000000ae   Code   RO         5996    i.USBD_StdDevReq    usbd_ctlreq.o
    0x08004fee   0x08004fee   0x00000284   Code   RO         5997    i.USBD_StdEPReq     usbd_ctlreq.o
    0x08005272   0x08005272   0x000000ae   Code   RO         5998    i.USBD_StdItfReq    usbd_ctlreq.o
    0x08005320   0x08005320   0x00000002   Code   RO         1278    i.USBD_static_free  usbd_conf.o
    0x08005322   0x08005322   0x00000002   PAD
    0x08005324   0x08005324   0x0000000c   Code   RO         1279    i.USBD_static_malloc  usbd_conf.o
    0x08005330   0x08005330   0x000000d0   Code   RO         2726    i.USB_ActivateEndpoint  stm32f4xx_ll_usb.o
    0x08005400   0x08005400   0x00000028   Code   RO         2728    i.USB_ActivateSetup  stm32f4xx_ll_usb.o
    0x08005428   0x08005428   0x0000008c   Code   RO         2730    i.USB_CoreInit      stm32f4xx_ll_usb.o
    0x080054b4   0x080054b4   0x00000062   Code   RO         2731    i.USB_CoreReset     stm32f4xx_ll_usb.o
    0x08005516   0x08005516   0x00000002   PAD
    0x08005518   0x08005518   0x0000014c   Code   RO         2734    i.USB_DeactivateEndpoint  stm32f4xx_ll_usb.o
    0x08005664   0x08005664   0x00000024   Code   RO         2735    i.USB_DevConnect    stm32f4xx_ll_usb.o
    0x08005688   0x08005688   0x00000024   Code   RO         2736    i.USB_DevDisconnect  stm32f4xx_ll_usb.o
    0x080056ac   0x080056ac   0x000001e8   Code   RO         2737    i.USB_DevInit       stm32f4xx_ll_usb.o
    0x08005894   0x08005894   0x0000000e   Code   RO         2738    i.USB_DisableGlobalInt  stm32f4xx_ll_usb.o
    0x080058a2   0x080058a2   0x00000002   PAD
    0x080058a4   0x080058a4   0x00000070   Code   RO         2741    i.USB_EP0_OutStart  stm32f4xx_ll_usb.o
    0x08005914   0x08005914   0x0000008e   Code   RO         2742    i.USB_EPClearStall  stm32f4xx_ll_usb.o
    0x080059a2   0x080059a2   0x0000009a   Code   RO         2743    i.USB_EPSetStall    stm32f4xx_ll_usb.o
    0x08005a3c   0x08005a3c   0x000003c0   Code   RO         2744    i.USB_EPStartXfer   stm32f4xx_ll_usb.o
    0x08005dfc   0x08005dfc   0x000000ec   Code   RO         2745    i.USB_EPStopXfer    stm32f4xx_ll_usb.o
    0x08005ee8   0x08005ee8   0x0000000e   Code   RO         2746    i.USB_EnableGlobalInt  stm32f4xx_ll_usb.o
    0x08005ef6   0x08005ef6   0x00000050   Code   RO         2747    i.USB_FlushRxFifo   stm32f4xx_ll_usb.o
    0x08005f46   0x08005f46   0x00000054   Code   RO         2748    i.USB_FlushTxFifo   stm32f4xx_ll_usb.o
    0x08005f9a   0x08005f9a   0x00000026   Code   RO         2750    i.USB_GetDevSpeed   stm32f4xx_ll_usb.o
    0x08005fc0   0x08005fc0   0x0000000a   Code   RO         2752    i.USB_GetMode       stm32f4xx_ll_usb.o
    0x08005fca   0x08005fca   0x00000014   Code   RO         2760    i.USB_ReadDevAllInEpInterrupt  stm32f4xx_ll_usb.o
    0x08005fde   0x08005fde   0x00000014   Code   RO         2761    i.USB_ReadDevAllOutEpInterrupt  stm32f4xx_ll_usb.o
    0x08005ff2   0x08005ff2   0x00000032   Code   RO         2762    i.USB_ReadDevInEPInterrupt  stm32f4xx_ll_usb.o
    0x08006024   0x08006024   0x0000001a   Code   RO         2763    i.USB_ReadDevOutEPInterrupt  stm32f4xx_ll_usb.o
    0x0800603e   0x0800603e   0x0000000a   Code   RO         2764    i.USB_ReadInterrupts  stm32f4xx_ll_usb.o
    0x08006048   0x08006048   0x00000060   Code   RO         2765    i.USB_ReadPacket    stm32f4xx_ll_usb.o
    0x080060a8   0x080060a8   0x00000068   Code   RO         2767    i.USB_SetCurrentMode  stm32f4xx_ll_usb.o
    0x08006110   0x08006110   0x0000002a   Code   RO         2768    i.USB_SetDevAddress  stm32f4xx_ll_usb.o
    0x0800613a   0x0800613a   0x00000012   Code   RO         2769    i.USB_SetDevSpeed   stm32f4xx_ll_usb.o
    0x0800614c   0x0800614c   0x000000e8   Code   RO         2770    i.USB_SetTurnaroundTime  stm32f4xx_ll_usb.o
    0x08006234   0x08006234   0x00000044   Code   RO         2773    i.USB_WritePacket   stm32f4xx_ll_usb.o
    0x08006278   0x08006278   0x00000004   Code   RO          919    i.UsageFault_Handler  stm32f4xx_it.o
    0x0800627c   0x0800627c   0x00000010   Code   RO         3841    i.__NVIC_GetPriorityGrouping  stm32f4xx_hal_cortex.o
    0x0800628c   0x0800628c   0x00000028   Code   RO         3842    i.__NVIC_SetPriority  stm32f4xx_hal_cortex.o
    0x080062b4   0x080062b4   0x00000058   Code   RO          548    i.float_to_uint16   robstride2.o
    0x0800630c   0x0800630c   0x00000020   Code   RO          741    i.main              main.o
    0x0800632c   0x0800632c   0x0000000e   Code   RO         5308    i.makeFreeRtosPriority  cmsis_os.o
    0x0800633a   0x0800633a   0x00000018   Code   RO         5310    i.osDelay           cmsis_os.o
    0x08006352   0x08006352   0x0000000a   Code   RO         5313    i.osKernelStart     cmsis_os.o
    0x0800635c   0x0800635c   0x0000005e   Code   RO         5347    i.osThreadCreate    cmsis_os.o
    0x080063ba   0x080063ba   0x00000002   PAD
    0x080063bc   0x080063bc   0x00000098   Code   RO         4973    i.prvAddCurrentTaskToDelayedList  tasks.o
    0x08006454   0x08006454   0x000000b4   Code   RO         4974    i.prvAddNewTaskToReadyList  tasks.o
    0x08006508   0x08006508   0x00000048   Code   RO         4975    i.prvCheckTasksWaitingTermination  tasks.o
    0x08006550   0x08006550   0x0000007e   Code   RO         4643    i.prvCopyDataToQueue  queue.o
    0x080065ce   0x080065ce   0x00000050   Code   RO         4976    i.prvDeleteTCB      tasks.o
    0x0800661e   0x0800661e   0x00000002   PAD
    0x08006620   0x08006620   0x0000007c   Code   RO         5675    i.prvHeapInit       heap_4.o
    0x0800669c   0x0800669c   0x00000028   Code   RO         4977    i.prvIdleTask       tasks.o
    0x080066c4   0x080066c4   0x00000026   Code   RO         4646    i.prvInitialiseNewQueue  queue.o
    0x080066ea   0x080066ea   0x000000b4   Code   RO         4978    i.prvInitialiseNewTask  tasks.o
    0x0800679e   0x0800679e   0x00000002   PAD
    0x080067a0   0x080067a0   0x00000068   Code   RO         4979    i.prvInitialiseTaskLists  tasks.o
    0x08006808   0x08006808   0x00000068   Code   RO         5676    i.prvInsertBlockIntoFreeList  heap_4.o
    0x08006870   0x08006870   0x00000034   Code   RO         4980    i.prvResetNextTaskUnblockTime  tasks.o
    0x080068a4   0x080068a4   0x00000040   Code   RO         5744    i.prvTaskExitError  port.o
    0x080068e4   0x080068e4   0x0000014c   Code   RO         5677    i.pvPortMalloc      heap_4.o
    0x08006a30   0x08006a30   0x0000002c   Code   RO         5745    i.pxPortInitialiseStack  port.o
    0x08006a5c   0x08006a5c   0x0000003c   Code   RO           19    i.rs03_PID_Init     run.o
    0x08006a98   0x08006a98   0x00000028   Code   RO         4602    i.uxListRemove      list.o
    0x08006ac0   0x08006ac0   0x00000018   Code   RO          818    i.vApplicationGetIdleTaskMemory  freertos.o
    0x08006ad8   0x08006ad8   0x0000001a   Code   RO         4603    i.vListInitialise   list.o
    0x08006af2   0x08006af2   0x00000006   Code   RO         4604    i.vListInitialiseItem  list.o
    0x08006af8   0x08006af8   0x00000034   Code   RO         4605    i.vListInsert       list.o
    0x08006b2c   0x08006b2c   0x00000018   Code   RO         4606    i.vListInsertEnd    list.o
    0x08006b44   0x08006b44   0x00000054   Code   RO         5747    i.vPortEnterCritical  port.o
    0x08006b98   0x08006b98   0x0000003c   Code   RO         5748    i.vPortExitCritical  port.o
    0x08006bd4   0x08006bd4   0x000000a4   Code   RO         5678    i.vPortFree         heap_4.o
    0x08006c78   0x08006c78   0x00000028   Code   RO         5749    i.vPortSetupTimerInterrupt  port.o
    0x08006ca0   0x08006ca0   0x00000078   Code   RO         5750    i.vPortValidateInterruptPriority  port.o
    0x08006d18   0x08006d18   0x0000005c   Code   RO         4989    i.vTaskDelay        tasks.o
    0x08006d74   0x08006d74   0x000000d4   Code   RO         4990    i.vTaskDelayUntil   tasks.o
    0x08006e48   0x08006e48   0x000000b0   Code   RO         5003    i.vTaskStartScheduler  tasks.o
    0x08006ef8   0x08006ef8   0x00000010   Code   RO         5005    i.vTaskSuspendAll   tasks.o
    0x08006f08   0x08006f08   0x0000008c   Code   RO         5006    i.vTaskSwitchContext  tasks.o
    0x08006f94   0x08006f94   0x00000168   Code   RO         5751    i.xPortStartScheduler  port.o
    0x080070fc   0x080070fc   0x0000005a   Code   RO         4658    i.xQueueGenericCreate  queue.o
    0x08007156   0x08007156   0x00000002   PAD
    0x08007158   0x08007158   0x00000098   Code   RO         4660    i.xQueueGenericReset  queue.o
    0x080071f0   0x080071f0   0x000000fc   Code   RO         4662    i.xQueueGenericSendFromISR  queue.o
    0x080072ec   0x080072ec   0x00000064   Code   RO         5009    i.xTaskCreate       tasks.o
    0x08007350   0x08007350   0x000000ba   Code   RO         5010    i.xTaskCreateStatic  tasks.o
    0x0800740a   0x0800740a   0x00000002   PAD
    0x0800740c   0x0800740c   0x0000000c   Code   RO         5015    i.xTaskGetTickCount  tasks.o
    0x08007418   0x08007418   0x00000148   Code   RO         5017    i.xTaskIncrementTick  tasks.o
    0x08007560   0x08007560   0x000000c8   Code   RO         5020    i.xTaskPriorityDisinherit  tasks.o
    0x08007628   0x08007628   0x00000098   Code   RO         5022    i.xTaskRemoveFromEventList  tasks.o
    0x080076c0   0x080076c0   0x00000104   Code   RO         5023    i.xTaskResumeAll    tasks.o
    0x080077c4   0x080077c4   0x0000000a   Code   RO         6393    x$fpl$fpinit        fz_wm.l(fpinit.o)
    0x080077ce   0x080077ce   0x00000002   PAD
    0x080077d0   0x080077d0   0x0000001c   Data   RO          820    .constdata          freertos.o
    0x080077ec   0x080077ec   0x00000018   Data   RO         4472    .constdata          system_stm32f4xx.o
    0x08007804   0x08007804   0x0000000c   Data   RO          821    .conststring        freertos.o
    0x08007810   0x08007810   0x00000020   Data   RO         6451    Region$$Table       anon$$obj.o


    Execution Region RW_IRAM1 (Exec base: 0x20000000, Load base: 0x08007830, Size: 0x00006b10, Max: 0x0001c000, ABSOLUTE, COMPRESSED[0x000000dc])

    Exec Addr    Load Addr    Size         Type   Attr      Idx    E Section Name        Object

    0x20000000   COMPRESSED   0x000000ae   Data   RW           21    .data               run.o
    0x200000ae   COMPRESSED   0x00000002   PAD
    0x200000b0   COMPRESSED   0x00000020   Data   RW          692    .data               usb_trans.o
    0x200000d0   COMPRESSED   0x00000004   Data   RW          822    .data               freertos.o
    0x200000d4   COMPRESSED   0x00000004   Data   RW          864    .data               can.o
    0x200000d8   COMPRESSED   0x0000004e   Data   RW         1106    .data               usbd_desc.o
    0x20000126   COMPRESSED   0x00000002   PAD
    0x20000128   COMPRESSED   0x00000014   Data   RW         1193    .data               usbd_cdc_if.o
    0x2000013c   COMPRESSED   0x00000009   Data   RW         4005    .data               stm32f4xx_hal.o
    0x20000145   COMPRESSED   0x00000003   PAD
    0x20000148   COMPRESSED   0x00000004   Data   RW         4473    .data               system_stm32f4xx.o
    0x2000014c   COMPRESSED   0x0000003c   Data   RW         5026    .data               tasks.o
    0x20000188   COMPRESSED   0x00000020   Data   RW         5684    .data               heap_4.o
    0x200001a8   COMPRESSED   0x0000000c   Data   RW         5752    .data               port.o
    0x200001b4   COMPRESSED   0x00000001   Data   RW         5999    .data               usbd_ctlreq.o
    0x200001b5   COMPRESSED   0x00000003   PAD
    0x200001b8   COMPRESSED   0x0000008a   Data   RW         6162    .data               usbd_cdc.o
    0x20000242   COMPRESSED   0x00000006   PAD
    0x20000248        -       0x000006ac   Zero   RW           20    .bss                run.o
    0x200008f4        -       0x00000254   Zero   RW          819    .bss                freertos.o
    0x20000b48        -       0x00000050   Zero   RW          863    .bss                can.o
    0x20000b98        -       0x00000048   Zero   RW         1029    .bss                stm32f4xx_hal_timebase_tim.o
    0x20000be0        -       0x000002dc   Zero   RW         1066    .bss                usb_device.o
    0x20000ebc        -       0x00000200   Zero   RW         1105    .bss                usbd_desc.o
    0x200010bc        -       0x00001000   Zero   RW         1192    .bss                usbd_cdc_if.o
    0x200020bc        -       0x00000704   Zero   RW         1280    .bss                usbd_conf.o
    0x200027c0        -       0x000000f0   Zero   RW         5025    .bss                tasks.o
    0x200028b0        -       0x00003c00   Zero   RW         5683    .bss                heap_4.o
    0x200064b0        -       0x00000060   Zero   RW         6323    .bss                c_w.l(libspace.o)
    0x20006510        -       0x00000200   Zero   RW            2    HEAP                startup_stm32f407xx.o
    0x20006710        -       0x00000400   Zero   RW            1    STACK               startup_stm32f407xx.o


    Execution Region RW_IRAM2 (Exec base: 0x2001c000, Load base: 0x0800790c, Size: 0x00000000, Max: 0x00004000, ABSOLUTE)

    **** No section assigned to this execution region ****


==============================================================================

Image component sizes


      Code (inc. data)   RO Data    RW Data    ZI Data      Debug   Object Name

       520         42          0          4         80       2474   can.o
       144         14          0          0          0      12693   candrive.o
       142          0          0          0          0      23107   cmsis_os.o
         0          0          0          0          0      18556   event_groups.o
        98         22         40          4        596       2608   freertos.o
       100          4          0          0          0        859   gpio.o
       724         74          0         32      15360       7471   heap_4.o
       148          0          0          0          0       3614   list.o
       242         14          0          0          0       9640   main.o
       202          0          0          0          0       1586   pid.o
      1014         92          0         12          0      12081   port.o
       658          6          0          0          0       9542   queue.o
      1210         94          0          0          0       8465   robstride2.o
       272         64          0        174       1708     742699   run.o
        64         26        392          0       1536        848   startup_stm32f407xx.o
       136         24          0          9          0       8758   stm32f4xx_hal.o
      2142          4          0          0          0      13875   stm32f4xx_hal_can.o
       260         22          0          0          0      33610   stm32f4xx_hal_cortex.o
       500         46          0          0          0       1460   stm32f4xx_hal_gpio.o
        84          6          0          0          0        870   stm32f4xx_hal_msp.o
      3562         16          0          0          0      13868   stm32f4xx_hal_pcd.o
        90          0          0          0          0       2453   stm32f4xx_hal_pcd_ex.o
      1856         84          0          0          0       5738   stm32f4xx_hal_rcc.o
       868         76          0          0          0       6638   stm32f4xx_hal_tim.o
         4          0          0          0          0       1613   stm32f4xx_hal_tim_ex.o
       180         20          0          0         72       1484   stm32f4xx_hal_timebase_tim.o
       118         36          0          0          0       5875   stm32f4xx_it.o
      3908         84          0          0          0      22992   stm32f4xx_ll_usb.o
        20          6         24          4          0       1139   system_stm32f4xx.o
       148         32          0          0          0        528   task_init.o
      2734        324          0         60        240      24240   tasks.o
        76         16          0          0        732        788   usb_device.o
        52         10          0         32          0       2336   usb_trans.o
      1604         42          0        138          0      12782   usbd_cdc.o
       138         12          0         20       4096       3570   usbd_cdc_if.o
      1004         24          0          0       1796      17748   usbd_conf.o
      1372          0          0          0          0      16665   usbd_core.o
      2366         30          0          1          0      17948   usbd_ctlreq.o
       386        122          0         78        512       6941   usbd_desc.o
       182          0          0          0          0       4752   usbd_ioreq.o

    ----------------------------------------------------------------------
     29370       1488        488        580      26732    1084914   Object Totals
         0          0         32          0          0          0   (incl. Generated)
        42          0          0         12          4          0   (incl. Padding)

    ----------------------------------------------------------------------

      Code (inc. data)   RO Data    RW Data    ZI Data      Debug   Library Member Name

        90          0          0          0          0          0   __dczerorl2.o
         8          0          0          0          0         68   __main.o
         0          0          0          0          0          0   __rtentry.o
        12          0          0          0          0          0   __rtentry2.o
         6          0          0          0          0          0   __rtentry4.o
        52          8          0          0          0          0   __scatter.o
        28          0          0          0          0          0   __scatter_zi.o
        18          0          0          0          0         80   exit.o
         6          0          0          0          0        152   heapauxi.o
         0          0          0          0          0          0   indicate_semi.o
         2          0          0          0          0          0   libinit.o
         6          0          0          0          0          0   libinit2.o
         2          0          0          0          0          0   libshutdown.o
         2          0          0          0          0          0   libshutdown2.o
         8          4          0          0         96         68   libspace.o
       238          0          0          0          0        100   lludivv7m.o
        78          0          0          0          0         80   rt_memclr_w.o
       138          0          0          0          0         68   rt_memcpy_v6.o
       100          0          0          0          0         80   rt_memcpy_w.o
         2          0          0          0          0          0   rtexit.o
        10          0          0          0          0          0   rtexit2.o
        12          4          0          0          0         68   sys_exit.o
        74          0          0          0          0         80   sys_stackheap_outer.o
         2          0          0          0          0         68   use_no_semi.o
        10          0          0          0          0        116   fpinit.o

    ----------------------------------------------------------------------
       910         16          0          0         96       1028   Library Totals
         6          0          0          0          0          0   (incl. Padding)

    ----------------------------------------------------------------------

      Code (inc. data)   RO Data    RW Data    ZI Data      Debug   Library Name

       894         16          0          0         96        912   c_w.l
        10          0          0          0          0        116   fz_wm.l

    ----------------------------------------------------------------------
       910         16          0          0         96       1028   Library Totals

    ----------------------------------------------------------------------

==============================================================================


      Code (inc. data)   RO Data    RW Data    ZI Data      Debug   

     30280       1504        488        580      26828    1058678   Grand Totals
     30280       1504        488        220      26828    1058678   ELF Image Totals (compressed)
     30280       1504        488        220          0          0   ROM Totals

==============================================================================

    Total RO  Size (Code + RO Data)                30768 (  30.05kB)
    Total RW  Size (RW Data + ZI Data)             27408 (  26.77kB)
    Total ROM Size (Code + RO Data + RW Data)      30988 (  30.26kB)

==============================================================================

